Archive member included to satisfy reference by file (symbol)

C:/ST/STM32CubeIDE_1.14.0/STM32CubeIDE/plugins/com.st.stm32cube.ide.mcu.externaltools.gnu-tools-for-stm32.11.3.rel1.win32_1.1.100.202309141235/tools/bin/../lib/gcc/arm-none-eabi/11.3.1/../../../../arm-none-eabi/lib/thumb/v7e-m+fp/hard\libc_nano.a(libc_a-calloc.o)
                              ./CANopenNode/CANopen.o (calloc)
C:/ST/STM32CubeIDE_1.14.0/STM32CubeIDE/plugins/com.st.stm32cube.ide.mcu.externaltools.gnu-tools-for-stm32.11.3.rel1.win32_1.1.100.202309141235/tools/bin/../lib/gcc/arm-none-eabi/11.3.1/../../../../arm-none-eabi/lib/thumb/v7e-m+fp/hard\libc_nano.a(libc_a-callocr.o)
                              C:/ST/STM32CubeIDE_1.14.0/STM32CubeIDE/plugins/com.st.stm32cube.ide.mcu.externaltools.gnu-tools-for-stm32.11.3.rel1.win32_1.1.100.202309141235/tools/bin/../lib/gcc/arm-none-eabi/11.3.1/../../../../arm-none-eabi/lib/thumb/v7e-m+fp/hard\libc_nano.a(libc_a-calloc.o) (_calloc_r)
C:/ST/STM32CubeIDE_1.14.0/STM32CubeIDE/plugins/com.st.stm32cube.ide.mcu.externaltools.gnu-tools-for-stm32.11.3.rel1.win32_1.1.100.202309141235/tools/bin/../lib/gcc/arm-none-eabi/11.3.1/../../../../arm-none-eabi/lib/thumb/v7e-m+fp/hard\libc_nano.a(libc_a-exit.o)
                              C:/ST/STM32CubeIDE_1.14.0/STM32CubeIDE/plugins/com.st.stm32cube.ide.mcu.externaltools.gnu-tools-for-stm32.11.3.rel1.win32_1.1.100.202309141235/tools/bin/../lib/gcc/arm-none-eabi/11.3.1/../../../../arm-none-eabi/lib/thumb/v7e-m+fp/hard/crt0.o (exit)
C:/ST/STM32CubeIDE_1.14.0/STM32CubeIDE/plugins/com.st.stm32cube.ide.mcu.externaltools.gnu-tools-for-stm32.11.3.rel1.win32_1.1.100.202309141235/tools/bin/../lib/gcc/arm-none-eabi/11.3.1/../../../../arm-none-eabi/lib/thumb/v7e-m+fp/hard\libc_nano.a(libc_a-malloc.o)
                              ./CANopenNode/CANopen.o (free)
C:/ST/STM32CubeIDE_1.14.0/STM32CubeIDE/plugins/com.st.stm32cube.ide.mcu.externaltools.gnu-tools-for-stm32.11.3.rel1.win32_1.1.100.202309141235/tools/bin/../lib/gcc/arm-none-eabi/11.3.1/../../../../arm-none-eabi/lib/thumb/v7e-m+fp/hard\libc_nano.a(libc_a-mallocr.o)
                              C:/ST/STM32CubeIDE_1.14.0/STM32CubeIDE/plugins/com.st.stm32cube.ide.mcu.externaltools.gnu-tools-for-stm32.11.3.rel1.win32_1.1.100.202309141235/tools/bin/../lib/gcc/arm-none-eabi/11.3.1/../../../../arm-none-eabi/lib/thumb/v7e-m+fp/hard\libc_nano.a(libc_a-callocr.o) (_malloc_r)
C:/ST/STM32CubeIDE_1.14.0/STM32CubeIDE/plugins/com.st.stm32cube.ide.mcu.externaltools.gnu-tools-for-stm32.11.3.rel1.win32_1.1.100.202309141235/tools/bin/../lib/gcc/arm-none-eabi/11.3.1/../../../../arm-none-eabi/lib/thumb/v7e-m+fp/hard\libc_nano.a(libc_a-mlock.o)
                              C:/ST/STM32CubeIDE_1.14.0/STM32CubeIDE/plugins/com.st.stm32cube.ide.mcu.externaltools.gnu-tools-for-stm32.11.3.rel1.win32_1.1.100.202309141235/tools/bin/../lib/gcc/arm-none-eabi/11.3.1/../../../../arm-none-eabi/lib/thumb/v7e-m+fp/hard\libc_nano.a(libc_a-mallocr.o) (__malloc_lock)
C:/ST/STM32CubeIDE_1.14.0/STM32CubeIDE/plugins/com.st.stm32cube.ide.mcu.externaltools.gnu-tools-for-stm32.11.3.rel1.win32_1.1.100.202309141235/tools/bin/../lib/gcc/arm-none-eabi/11.3.1/../../../../arm-none-eabi/lib/thumb/v7e-m+fp/hard\libc_nano.a(libc_a-fflush.o)
                              ./CANopenNode_STM32/CO_app_STM32.o (fflush)
C:/ST/STM32CubeIDE_1.14.0/STM32CubeIDE/plugins/com.st.stm32cube.ide.mcu.externaltools.gnu-tools-for-stm32.11.3.rel1.win32_1.1.100.202309141235/tools/bin/../lib/gcc/arm-none-eabi/11.3.1/../../../../arm-none-eabi/lib/thumb/v7e-m+fp/hard\libc_nano.a(libc_a-findfp.o)
                              C:/ST/STM32CubeIDE_1.14.0/STM32CubeIDE/plugins/com.st.stm32cube.ide.mcu.externaltools.gnu-tools-for-stm32.11.3.rel1.win32_1.1.100.202309141235/tools/bin/../lib/gcc/arm-none-eabi/11.3.1/../../../../arm-none-eabi/lib/thumb/v7e-m+fp/hard\libc_nano.a(libc_a-fflush.o) (__sinit)
C:/ST/STM32CubeIDE_1.14.0/STM32CubeIDE/plugins/com.st.stm32cube.ide.mcu.externaltools.gnu-tools-for-stm32.11.3.rel1.win32_1.1.100.202309141235/tools/bin/../lib/gcc/arm-none-eabi/11.3.1/../../../../arm-none-eabi/lib/thumb/v7e-m+fp/hard\libc_nano.a(libc_a-fwalk.o)
                              C:/ST/STM32CubeIDE_1.14.0/STM32CubeIDE/plugins/com.st.stm32cube.ide.mcu.externaltools.gnu-tools-for-stm32.11.3.rel1.win32_1.1.100.202309141235/tools/bin/../lib/gcc/arm-none-eabi/11.3.1/../../../../arm-none-eabi/lib/thumb/v7e-m+fp/hard\libc_nano.a(libc_a-fflush.o) (_fwalk_sglue)
C:/ST/STM32CubeIDE_1.14.0/STM32CubeIDE/plugins/com.st.stm32cube.ide.mcu.externaltools.gnu-tools-for-stm32.11.3.rel1.win32_1.1.100.202309141235/tools/bin/../lib/gcc/arm-none-eabi/11.3.1/../../../../arm-none-eabi/lib/thumb/v7e-m+fp/hard\libc_nano.a(libc_a-printf.o)
                              ./CANopenNode_STM32/CO_app_STM32.o (printf)
[...]
Memory Configuration

Name             Origin             Length             Attributes
CCMRAM           0x0000000010000000 0x0000000000010000 xrw
RAM              0x0000000020000000 0x0000000000030000 xrw
FLASH            0x0000000008000000 0x0000000000200000 xr
*default*        0x0000000000000000 0xffffffffffffffff

Linker script and memory map

LOAD C:/ST/STM32CubeIDE_1.14.0/STM32CubeIDE/plugins/com.st.stm32cube.ide.mcu.externaltools.gnu-tools-for-stm32.11.3.rel1.win32_1.1.100.202309141235/tools/bin/../lib/gcc/arm-none-eabi/11.3.1/thumb/v7e-m+fp/hard/crti.o
LOAD C:/ST/STM32CubeIDE_1.14.0/STM32CubeIDE/plugins/com.st.stm32cube.ide.mcu.externaltools.gnu-tools-for-stm32.11.3.rel1.win32_1.1.100.202309141235/tools/bin/../lib/gcc/arm-none-eabi/11.3.1/thumb/v7e-m+fp/hard/crtbegin.o
LOAD C:/ST/STM32CubeIDE_1.14.0/STM32CubeIDE/plugins/com.st.stm32cube.ide.mcu.externaltools.gnu-tools-for-stm32.11.3.rel1.win32_1.1.100.202309141235/tools/bin/../lib/gcc/arm-none-eabi/11.3.1/../../../../arm-none-eabi/lib/thumb/v7e-m+fp/hard/crt0.o
LOAD ./CANopenNode/301/CO_Emergency.o
LOAD ./CANopenNode/301/CO_HBconsumer.o
LOAD ./CANopenNode/301/CO_NMT_Heartbeat.o
LOAD ./CANopenNode/301/CO_Node_Guarding.o
LOAD ./CANopenNode/301/CO_ODinterface.o
LOAD ./CANopenNode/301/CO_PDO.o
LOAD ./CANopenNode/301/CO_SDOclient.o
LOAD ./CANopenNode/301/CO_SDOserver.o
LOAD ./CANopenNode/301/CO_SYNC.o
LOAD ./CANopenNode/301/CO_TIME.o
LOAD ./CANopenNode/301/CO_fifo.o
LOAD ./CANopenNode/301/crc16-ccitt.o
LOAD ./CANopenNode/303/CO_LEDs.o
LOAD ./CANopenNode/304/CO_GFC.o
LOAD ./CANopenNode/304/CO_SRDO.o
LOAD ./CANopenNode/305/CO_LSSmaster.o
LOAD ./CANopenNode/305/CO_LSSslave.o
LOAD ./CANopenNode/309/CO_gateway_ascii.o
LOAD ./CANopenNode/CANopen.o
LOAD ./CANopenNode/extra/CO_trace.o
LOAD ./CANopenNode/storage/CO_storage.o
LOAD ./CANopenNode/storage/CO_storageEeprom.o
LOAD ./CANopenNode_STM32/CO_app_STM32.o
LOAD ./CANopenNode_STM32/CO_driver_STM32.o
LOAD ./CANopenNode_STM32/CO_storageBlank.o
LOAD ./CANopenNode_STM32/OD.o
LOAD ./Core/Src/adc.o
LOAD ./Core/Src/can.o
LOAD ./Core/Src/dma.o
LOAD ./Core/Src/gpio.o
LOAD ./Core/Src/iwdg.o
LOAD ./Core/Src/main.o
LOAD ./Core/Src/pid.o
LOAD ./Core/Src/stm32f4xx_hal_msp.o
LOAD ./Core/Src/stm32f4xx_it.o
LOAD ./Core/Src/syscalls.o
LOAD ./Core/Src/sysmem.o
LOAD ./Core/Src/system_stm32f4xx.o
LOAD ./Core/Src/tim.o
LOAD ./Core/Src/usart.o
LOAD ./Core/Src/usb_otg.o
LOAD ./Core/Startup/startup_stm32f427vitx.o
LOAD ./Drivers/STM32F4xx_HAL_Driver/Src/stm32f4xx_hal.o
LOAD ./Drivers/STM32F4xx_HAL_Driver/Src/stm32f4xx_hal_adc.o
LOAD ./Drivers/STM32F4xx_HAL_Driver/Src/stm32f4xx_hal_adc_ex.o
LOAD ./Drivers/STM32F4xx_HAL_Driver/Src/stm32f4xx_hal_can.o
LOAD ./Drivers/STM32F4xx_HAL_Driver/Src/stm32f4xx_hal_cortex.o
LOAD ./Drivers/STM32F4xx_HAL_Driver/Src/stm32f4xx_hal_dma.o
LOAD ./Drivers/STM32F4xx_HAL_Driver/Src/stm32f4xx_hal_dma_ex.o
LOAD ./Drivers/STM32F4xx_HAL_Driver/Src/stm32f4xx_hal_exti.o
LOAD ./Drivers/STM32F4xx_HAL_Driver/Src/stm32f4xx_hal_flash.o
LOAD ./Drivers/STM32F4xx_HAL_Driver/Src/stm32f4xx_hal_flash_ex.o
LOAD ./Drivers/STM32F4xx_HAL_Driver/Src/stm32f4xx_hal_flash_ramfunc.o
LOAD ./Drivers/STM32F4xx_HAL_Driver/Src/stm32f4xx_hal_gpio.o
LOAD ./Drivers/STM32F4xx_HAL_Driver/Src/stm32f4xx_hal_hcd.o
LOAD ./Drivers/STM32F4xx_HAL_Driver/Src/stm32f4xx_hal_iwdg.o
LOAD ./Drivers/STM32F4xx_HAL_Driver/Src/stm32f4xx_hal_pwr.o
LOAD ./Drivers/STM32F4xx_HAL_Driver/Src/stm32f4xx_hal_pwr_ex.o
LOAD ./Drivers/STM32F4xx_HAL_Driver/Src/stm32f4xx_hal_rcc.o
LOAD ./Drivers/STM32F4xx_HAL_Driver/Src/stm32f4xx_hal_rcc_ex.o
LOAD ./Drivers/STM32F4xx_HAL_Driver/Src/stm32f4xx_hal_tim.o
LOAD ./Drivers/STM32F4xx_HAL_Driver/Src/stm32f4xx_hal_tim_ex.o
LOAD ./Drivers/STM32F4xx_HAL_Driver/Src/stm32f4xx_hal_uart.o
LOAD ./Drivers/STM32F4xx_HAL_Driver/Src/stm32f4xx_ll_adc.o
LOAD ./Drivers/STM32F4xx_HAL_Driver/Src/stm32f4xx_ll_usb.o
START GROUP
LOAD C:/ST/STM32CubeIDE_1.14.0/STM32CubeIDE/plugins/com.st.stm32cube.ide.mcu.externaltools.gnu-tools-for-stm32.11.3.rel1.win32_1.1.100.202309141235/tools/bin/../lib/gcc/arm-none-eabi/11.3.1/../../../../arm-none-eabi/lib/thumb/v7e-m+fp/hard\libc_nano.a
LOAD C:/ST/STM32CubeIDE_1.14.0/STM32CubeIDE/plugins/com.st.stm32cube.ide.mcu.externaltools.gnu-tools-for-stm32.11.3.rel1.win32_1.1.100.202309141235/tools/bin/../lib/gcc/arm-none-eabi/11.3.1/../../../../arm-none-eabi/lib/thumb/v7e-m+fp/hard\libm.a
END GROUP
START GROUP
LOAD C:/ST/STM32CubeIDE_1.14.0/STM32CubeIDE/plugins/com.st.stm32cube.ide.mcu.externaltools.gnu-tools-for-stm32.11.3.rel1.win32_1.1.100.202309141235/tools/bin/../lib/gcc/arm-none-eabi/11.3.1/thumb/v7e-m+fp/hard\libgcc.a
LOAD C:/ST/STM32CubeIDE_1.14.0/STM32CubeIDE/plugins/com.st.stm32cube.ide.mcu.externaltools.gnu-tools-for-stm32.11.3.rel1.win32_1.1.100.202309141235/tools/bin/../lib/gcc/arm-none-eabi/11.3.1/../../../../arm-none-eabi/lib/thumb/v7e-m+fp/hard\libc_nano.a
END GROUP
START GROUP
LOAD C:/ST/STM32CubeIDE_1.14.0/STM32CubeIDE/plugins/com.st.stm32cube.ide.mcu.externaltools.gnu-tools-for-stm32.11.3.rel1.win32_1.1.100.202309141235/tools/bin/../lib/gcc/arm-none-eabi/11.3.1/thumb/v7e-m+fp/hard\libgcc.a
LOAD C:/ST/STM32CubeIDE_1.14.0/STM32CubeIDE/plugins/com.st.stm32cube.ide.mcu.externaltools.gnu-tools-for-stm32.11.3.rel1.win32_1.1.100.202309141235/tools/bin/../lib/gcc/arm-none-eabi/11.3.1/../../../../arm-none-eabi/lib/thumb/v7e-m+fp/hard\libc_nano.a
LOAD C:/ST/STM32CubeIDE_1.14.0/STM32CubeIDE/plugins/com.st.stm32cube.ide.mcu.externaltools.gnu-tools-for-stm32.11.3.rel1.win32_1.1.100.202309141235/tools/bin/../lib/gcc/arm-none-eabi/11.3.1/../../../../arm-none-eabi/lib/thumb/v7e-m+fp/hard\libnosys.a
END GROUP
START GROUP
LOAD C:/ST/STM32CubeIDE_1.14.0/STM32CubeIDE/plugins/com.st.stm32cube.ide.mcu.externaltools.gnu-tools-for-stm32.11.3.rel1.win32_1.1.100.202309141235/tools/bin/../lib/gcc/arm-none-eabi/11.3.1/thumb/v7e-m+fp/hard\libgcc.a
LOAD C:/ST/STM32CubeIDE_1.14.0/STM32CubeIDE/plugins/com.st.stm32cube.ide.mcu.externaltools.gnu-tools-for-stm32.11.3.rel1.win32_1.1.100.202309141235/tools/bin/../lib/gcc/arm-none-eabi/11.3.1/../../../../arm-none-eabi/lib/thumb/v7e-m+fp/hard\libc_nano.a
LOAD C:/ST/STM32CubeIDE_1.14.0/STM32CubeIDE/plugins/com.st.stm32cube.ide.mcu.externaltools.gnu-tools-for-stm32.11.3.rel1.win32_1.1.100.202309141235/tools/bin/../lib/gcc/arm-none-eabi/11.3.1/../../../../arm-none-eabi/lib/thumb/v7e-m+fp/hard\libnosys.a
END GROUP
LOAD C:/ST/STM32CubeIDE_1.14.0/STM32CubeIDE/plugins/com.st.stm32cube.ide.mcu.externaltools.gnu-tools-for-stm32.11.3.rel1.win32_1.1.100.202309141235/tools/bin/../lib/gcc/arm-none-eabi/11.3.1/thumb/v7e-m+fp/hard/crtend.o
LOAD C:/ST/STM32CubeIDE_1.14.0/STM32CubeIDE/plugins/com.st.stm32cube.ide.mcu.externaltools.gnu-tools-for-stm32.11.3.rel1.win32_1.1.100.202309141235/tools/bin/../lib/gcc/arm-none-eabi/11.3.1/thumb/v7e-m+fp/hard/crtn.o
                0x0000000020030000                _estack = (ORIGIN (RAM) + LENGTH (RAM))
                0x0000000000000200                _Min_Heap_Size = 0x200
                0x0000000000000400                _Min_Stack_Size = 0x400

.isr_vector     0x0000000008000000      0x1ac
                0x0000000008000000                . = ALIGN (0x4)
 *(.isr_vector)
 .isr_vector    0x0000000008000000      0x1ac ./Core/Startup/startup_stm32f427vitx.o
                0x0000000008000000                g_pfnVectors
                0x00000000080001ac                . = ALIGN (0x4)

.text           0x00000000080001b0     0xf4f8
                0x00000000080001b0                . = ALIGN (0x4)
 *(.text)
 .text          0x00000000080001b0       0x40 C:/ST/STM32CubeIDE_1.14.0/STM32CubeIDE/plugins/com.st.stm32cube.ide.mcu.externaltools.gnu-tools-for-stm32.11.3.rel1.win32_1.1.100.202309141235/tools/bin/../lib/gcc/arm-none-eabi/11.3.1/thumb/v7e-m+fp/hard/crtbegin.o
 .text          0x00000000080001f0       0x10 C:/ST/STM32CubeIDE_1.14.0/STM32CubeIDE/plugins/com.st.stm32cube.ide.mcu.externaltools.gnu-tools-for-stm32.11.3.rel1.win32_1.1.100.202309141235/tools/bin/../lib/gcc/arm-none-eabi/11.3.1/../../../../arm-none-eabi/lib/thumb/v7e-m+fp/hard\libc_nano.a(libc_a-strlen.o)
                0x00000000080001f0                strlen
 .text          0x0000000008000200       0xa0 C:/ST/STM32CubeIDE_1.14.0/STM32CubeIDE/plugins/com.st.stm32cube.ide.mcu.externaltools.gnu-tools-for-stm32.11.3.rel1.win32_1.1.100.202309141235/tools/bin/../lib/gcc/arm-none-eabi/11.3.1/../../../../arm-none-eabi/lib/thumb/v7e-m+fp/hard\libc_nano.a(libc_a-memchr.o)
                0x0000000008000200                memchr
 .text          0x00000000080002a0      0x378 C:/ST/STM32CubeIDE_1.14.0/STM32CubeIDE/plugins/com.st.stm32cube.ide.mcu.externaltools.gnu-tools-for-stm32.11.3.rel1.win32_1.1.100.202309141235/tools/bin/../lib/gcc/arm-none-eabi/11.3.1/thumb/v7e-m+fp/hard\libgcc.a(_arm_addsubdf3.o)
                0x00000000080002a0                __aeabi_drsub
                0x00000000080002a8                __aeabi_dsub
                0x00000000080002a8                __subdf3
                0x00000000080002ac                __aeabi_dadd
                0x00000000080002ac                __adddf3
                0x0000000008000524                __floatunsidf
                0x0000000008000524                __aeabi_ui2d
                0x0000000008000544                __floatsidf
                0x0000000008000544                __aeabi_i2d
                0x0000000008000568                __aeabi_f2d
                0x0000000008000568                __extendsfdf2
                0x00000000080005ac                __floatundidf
                0x00000000080005ac                __aeabi_ul2d
                0x00000000080005bc                __floatdidf
                0x00000000080005bc                __aeabi_l2d
 .text          0x0000000008000618      0x424 C:/ST/STM32CubeIDE_1.14.0/STM32CubeIDE/plugins/com.st.stm32cube.ide.mcu.externaltools.gnu-tools-for-stm32.11.3.rel1.win32_1.1.100.202309141235/tools/bin/../lib/gcc/arm-none-eabi/11.3.1/thumb/v7e-m+fp/hard\libgcc.a(_arm_muldivdf3.o)
                0x0000000008000618                __aeabi_dmul
                0x0000000008000618                __muldf3
                0x000000000800086c                __divdf3
                0x000000000800086c                __aeabi_ddiv
 .text          0x0000000008000a3c      0x110 C:/ST/STM32CubeIDE_1.14.0/STM32CubeIDE/plugins/com.st.stm32cube.ide.mcu.externaltools.gnu-tools-for-stm32.11.3.rel1.win32_1.1.100.202309141235/tools/bin/../lib/gcc/arm-none-eabi/11.3.1/thumb/v7e-m+fp/hard\libgcc.a(_arm_cmpdf2.o)
                0x0000000008000a3c                __gtdf2
                0x0000000008000a3c                __gedf2
                0x0000000008000a44                __ltdf2
                0x0000000008000a44                __ledf2
                0x0000000008000a4c                __nedf2
                0x0000000008000a4c                __eqdf2
                0x0000000008000a4c                __cmpdf2
                0x0000000008000ac8                __aeabi_cdrcmple
                0x0000000008000ad8                __aeabi_cdcmpeq
                0x0000000008000ad8                __aeabi_cdcmple
                0x0000000008000ae8                __aeabi_dcmpeq
                0x0000000008000afc                __aeabi_dcmplt
                0x0000000008000b10                __aeabi_dcmple
                0x0000000008000b24                __aeabi_dcmpge
                0x0000000008000b38                __aeabi_dcmpgt
 .text          0x0000000008000b4c       0x40 C:/ST/STM32CubeIDE_1.14.0/STM32CubeIDE/plugins/com.st.stm32cube.ide.mcu.externaltools.gnu-tools-for-stm32.11.3.rel1.win32_1.1.100.202309141235/tools/bin/../lib/gcc/arm-none-eabi/11.3.1/thumb/v7e-m+fp/hard\libgcc.a(_arm_fixunsdfsi.o)
                0x0000000008000b4c                __aeabi_d2uiz
                0x0000000008000b4c                __fixunsdfsi
 .text          0x0000000008000b8c       0x30 C:/ST/STM32CubeIDE_1.14.0/STM32CubeIDE/plugins/com.st.stm32cube.ide.mcu.externaltools.gnu-tools-for-stm32.11.3.rel1.win32_1.1.100.202309141235/tools/bin/../lib/gcc/arm-none-eabi/11.3.1/thumb/v7e-m+fp/hard\libgcc.a(_aeabi_uldivmod.o)
                0x0000000008000b8c                __aeabi_uldivmod
 .text          0x0000000008000bbc      0x2c8 C:/ST/STM32CubeIDE_1.14.0/STM32CubeIDE/plugins/com.st.stm32cube.ide.mcu.externaltools.gnu-tools-for-stm32.11.3.rel1.win32_1.1.100.202309141235/tools/bin/../lib/gcc/arm-none-eabi/11.3.1/thumb/v7e-m+fp/hard\libgcc.a(_udivmoddi4.o)
                0x0000000008000bbc                __udivmoddi4
 .text          0x0000000008000e84        0x4 C:/ST/STM32CubeIDE_1.14.0/STM32CubeIDE/plugins/com.st.stm32cube.ide.mcu.externaltools.gnu-tools-for-stm32.11.3.rel1.win32_1.1.100.202309141235/tools/bin/../lib/gcc/arm-none-eabi/11.3.1/thumb/v7e-m+fp/hard\libgcc.a(_dvmd_tls.o)
                0x0000000008000e84                __aeabi_idiv0
                0x0000000008000e84                __aeabi_ldiv0
 *(.text*)
 .text.CO_getUint8
                0x0000000008000e88       0x1c ./CANopenNode/301/CO_Emergency.o
 .text.CO_setUint8
                0x0000000008000ea4       0x20 ./CANopenNode/301/CO_Emergency.o
 .text.CO_setUint32
                0x0000000008000ec4       0x1e ./CANopenNode/301/CO_Emergency.o
 .text.OD_getIndex
                0x0000000008000ee2       0x22 ./CANopenNode/301/CO_Emergency.o
 .text.OD_extension_init
                0x0000000008000f04       0x28 ./CANopenNode/301/CO_Emergency.o
 .text.OD_get_u32
                0x0000000008000f2c       0x2a ./CANopenNode/301/CO_Emergency.o
 .text.OD_read_1014_default
                0x0000000008000f56       0x70 ./CANopenNode/301/CO_Emergency.o
 .text.OD_read_1003
                0x0000000008000fc6       0xdc ./CANopenNode/301/CO_Emergency.o
 .text.OD_write_1003
                0x00000000080010a2       0x60 ./CANopenNode/301/CO_Emergency.o
 *fill*         0x0000000008001102        0x2 
 .text.CO_EM_init
                0x0000000008001104      0x1c0 ./CANopenNode/301/CO_Emergency.o
                0x0000000008001104                CO_EM_init
 .text.CO_EM_process
                0x00000000080012c4      0x296 ./CANopenNode/301/CO_Emergency.o
                0x00000000080012c4                CO_EM_process
 .text.CO_error
                0x000000000800155a      0x17a ./CANopenNode/301/CO_Emergency.o
                0x000000000800155a                CO_error
 .text.CO_getUint32
                0x00000000080016d4       0x1c ./CANopenNode/301/CO_HBconsumer.o
 .text.OD_getIndex
                0x00000000080016f0       0x22 ./CANopenNode/301/CO_HBconsumer.o
 .text.OD_extension_init
                0x0000000008001712       0x28 ./CANopenNode/301/CO_HBconsumer.o
 .text.OD_get_u32
                0x000000000800173a       0x2a ./CANopenNode/301/CO_HBconsumer.o
 .text.CO_HBcons_receive
                0x0000000008001764       0x3c ./CANopenNode/301/CO_HBconsumer.o
 .text.OD_write_1016
                0x00000000080017a0       0x8e ./CANopenNode/301/CO_HBconsumer.o
 *fill*         0x000000000800182e        0x2 
 .text.CO_HBconsumer_init
                0x0000000008001830      0x154 ./CANopenNode/301/CO_HBconsumer.o
                0x0000000008001830                CO_HBconsumer_init
 .text.CO_HBconsumer_initEntry
                0x0000000008001984      0x130 ./CANopenNode/301/CO_HBconsumer.o
 .text.CO_HBconsumer_process
                0x0000000008001ab4      0x1aa ./CANopenNode/301/CO_HBconsumer.o
                0x0000000008001ab4                CO_HBconsumer_process
 .text.CO_getUint16
                0x0000000008001c5e       0x1e ./CANopenNode/301/CO_NMT_Heartbeat.o
 .text.OD_getIndex
                0x0000000008001c7c       0x22 ./CANopenNode/301/CO_NMT_Heartbeat.o
 .text.OD_extension_init
                0x0000000008001c9e       0x28 ./CANopenNode/301/CO_NMT_Heartbeat.o
 .text.OD_get_u16
                0x0000000008001cc6       0x2a ./CANopenNode/301/CO_NMT_Heartbeat.o
 .text.CO_isError
                0x0000000008001cf0       0x4e ./CANopenNode/301/CO_NMT_Heartbeat.o
 .text.CO_getErrorRegister
                0x0000000008001d3e       0x2c ./CANopenNode/301/CO_NMT_Heartbeat.o
 .text.CO_NMT_receive
                0x0000000008001d6a       0x50 ./CANopenNode/301/CO_NMT_Heartbeat.o
 .text.OD_write_1017
                0x0000000008001dba       0x6a ./CANopenNode/301/CO_NMT_Heartbeat.o
 .text.CO_NMT_init
                0x0000000008001e24      0x17c ./CANopenNode/301/CO_NMT_Heartbeat.o
                0x0000000008001e24                CO_NMT_init
 .text.CO_NMT_process
                0x0000000008001fa0      0x22e ./CANopenNode/301/CO_NMT_Heartbeat.o
                0x0000000008001fa0                CO_NMT_process
 .text.OD_readOriginal
                0x00000000080021ce       0xb0 ./CANopenNode/301/CO_ODinterface.o
                0x00000000080021ce                OD_readOriginal
 .text.OD_writeOriginal
                0x000000000800227e       0xda ./CANopenNode/301/CO_ODinterface.o
                0x000000000800227e                OD_writeOriginal
 .text.OD_readDisabled
                0x0000000008002358       0x1c ./CANopenNode/301/CO_ODinterface.o
 .text.OD_writeDisabled
                0x0000000008002374       0x1c ./CANopenNode/301/CO_ODinterface.o
 .text.OD_find  0x0000000008002390       0xb8 ./CANopenNode/301/CO_ODinterface.o
                0x0000000008002390                OD_find
 .text.OD_getSub
                0x0000000008002448      0x1f0 ./CANopenNode/301/CO_ODinterface.o
                0x0000000008002448                OD_getSub
 .text.OD_getSDOabCode
                0x0000000008002638       0x3c ./CANopenNode/301/CO_ODinterface.o
                0x0000000008002638                OD_getSDOabCode
 .text.OD_get_value
                0x0000000008002674       0x7a ./CANopenNode/301/CO_ODinterface.o
                0x0000000008002674                OD_get_value
 .text.OD_set_value
                0x00000000080026ee       0x7a ./CANopenNode/301/CO_ODinterface.o
                0x00000000080026ee                OD_set_value
 .text.OD_getPtr
                0x0000000008002768       0x86 ./CANopenNode/301/CO_ODinterface.o
                0x0000000008002768                OD_getPtr
 .text.CO_getUint8
                0x00000000080027ee       0x1c ./CANopenNode/301/CO_PDO.o
 .text.CO_getUint16
                0x000000000800280a       0x1e ./CANopenNode/301/CO_PDO.o
 .text.CO_getUint32
                0x0000000008002828       0x1c ./CANopenNode/301/CO_PDO.o
 .text.CO_setUint32
                0x0000000008002844       0x1e ./CANopenNode/301/CO_PDO.o
 .text.OD_getIndex
                0x0000000008002862       0x22 ./CANopenNode/301/CO_PDO.o
 .text.OD_extension_init
                0x0000000008002884       0x28 ./CANopenNode/301/CO_PDO.o
 .text.OD_get_u8
                0x00000000080028ac       0x2a ./CANopenNode/301/CO_PDO.o
 .text.OD_get_u16
                0x00000000080028d6       0x2a ./CANopenNode/301/CO_PDO.o
 .text.OD_get_u32
                0x0000000008002900       0x2a ./CANopenNode/301/CO_PDO.o
 .text.OD_write_dummy
                0x000000000800292a       0x28 ./CANopenNode/301/CO_PDO.o
 .text.OD_read_dummy
                0x0000000008002952       0x4e ./CANopenNode/301/CO_PDO.o
 .text.PDOconfigMap
                0x00000000080029a0      0x17c ./CANopenNode/301/CO_PDO.o
 .text.PDO_initMapping
                0x0000000008002b1c      0x154 ./CANopenNode/301/CO_PDO.o
 .text.OD_write_PDO_mapping
                0x0000000008002c70      0x132 ./CANopenNode/301/CO_PDO.o
 .text.OD_read_PDO_commParam
                0x0000000008002da2       0x9c ./CANopenNode/301/CO_PDO.o
 *fill*         0x0000000008002e3e        0x2 
 .text.OD_write_18xx
                0x0000000008002e40      0x2a4 ./CANopenNode/301/CO_PDO.o
 .text.CO_TPDO_init
                0x00000000080030e4      0x2e0 ./CANopenNode/301/CO_PDO.o
                0x00000000080030e4                CO_TPDO_init
 .text.CO_TPDOsend
                0x00000000080033c4      0x188 ./CANopenNode/301/CO_PDO.o
 .text.CO_TPDO_process
                0x000000000800354c      0x200 ./CANopenNode/301/CO_PDO.o
                0x000000000800354c                CO_TPDO_process
 .text.CO_getUint8
                0x000000000800374c       0x1c ./CANopenNode/301/CO_SDOserver.o
 .text.CO_getUint32
                0x0000000008003768       0x1c ./CANopenNode/301/CO_SDOserver.o
 .text.OD_getIndex
                0x0000000008003784       0x22 ./CANopenNode/301/CO_SDOserver.o
 .text.OD_extension_init
                0x00000000080037a6       0x28 ./CANopenNode/301/CO_SDOserver.o
 .text.OD_get_u8
                0x00000000080037ce       0x2a ./CANopenNode/301/CO_SDOserver.o
 .text.OD_get_u32
                0x00000000080037f8       0x2a ./CANopenNode/301/CO_SDOserver.o
 .text.OD_set_u32
                0x0000000008003822       0x2a ./CANopenNode/301/CO_SDOserver.o
 .text.CO_SDO_receive
                0x000000000800384c       0x54 ./CANopenNode/301/CO_SDOserver.o
 .text.CO_SDOserver_init_canRxTx
                0x00000000080038a0       0xd8 ./CANopenNode/301/CO_SDOserver.o
 .text.OD_write_1201_additional
                0x0000000008003978      0x224 ./CANopenNode/301/CO_SDOserver.o
 .text.CO_SDOserver_init
                0x0000000008003b9c      0x228 ./CANopenNode/301/CO_SDOserver.o
                0x0000000008003b9c                CO_SDOserver_init
 .text.validateAndWriteToOD
                0x0000000008003dc4      0x220 ./CANopenNode/301/CO_SDOserver.o
 .text.readFromOd
                0x0000000008003fe4      0x18c ./CANopenNode/301/CO_SDOserver.o
 .text.CO_SDOserver_process
                0x0000000008004170      0xa2c ./CANopenNode/301/CO_SDOserver.o
                0x0000000008004170                CO_SDOserver_process
 .text.CO_getUint8
                0x0000000008004b9c       0x1c ./CANopenNode/301/CO_SYNC.o
 .text.CO_getUint32
                0x0000000008004bb8       0x1c ./CANopenNode/301/CO_SYNC.o
 .text.OD_getIndex
                0x0000000008004bd4       0x22 ./CANopenNode/301/CO_SYNC.o
 .text.OD_extension_init
                0x0000000008004bf6       0x28 ./CANopenNode/301/CO_SYNC.o
 .text.OD_get_u8
                0x0000000008004c1e       0x2a ./CANopenNode/301/CO_SYNC.o
 .text.OD_get_u32
                0x0000000008004c48       0x2a ./CANopenNode/301/CO_SYNC.o
 .text.CO_SYNCsend
                0x0000000008004c72       0x64 ./CANopenNode/301/CO_SYNC.o
 .text.CO_SYNC_receive
                0x0000000008004cd6       0x8c ./CANopenNode/301/CO_SYNC.o
 *fill*         0x0000000008004d62        0x2 
 .text.OD_write_1005
                0x0000000008004d64      0x188 ./CANopenNode/301/CO_SYNC.o
 .text.OD_write_1019
                0x0000000008004eec       0xbc ./CANopenNode/301/CO_SYNC.o
 .text.CO_SYNC_init
                0x0000000008004fa8      0x24c ./CANopenNode/301/CO_SYNC.o
                0x0000000008004fa8                CO_SYNC_init
 .text.CO_SYNC_process
                0x00000000080051f4      0x172 ./CANopenNode/301/CO_SYNC.o
                0x00000000080051f4                CO_SYNC_process
 .text.CO_getUint16
                0x0000000008005366       0x1e ./CANopenNode/301/CO_TIME.o
 .text.CO_getUint32
                0x0000000008005384       0x1c ./CANopenNode/301/CO_TIME.o
 .text.OD_getIndex
                0x00000000080053a0       0x22 ./CANopenNode/301/CO_TIME.o
 .text.OD_extension_init
                0x00000000080053c2       0x28 ./CANopenNode/301/CO_TIME.o
 .text.OD_get_u32
                0x00000000080053ea       0x2a ./CANopenNode/301/CO_TIME.o
 .text.CO_TIME_receive
                0x0000000008005414       0x3a ./CANopenNode/301/CO_TIME.o
 *fill*         0x000000000800544e        0x2 
 .text.OD_write_1012
                0x0000000008005450       0xe4 ./CANopenNode/301/CO_TIME.o
 .text.CO_TIME_init
                0x0000000008005534      0x100 ./CANopenNode/301/CO_TIME.o
                0x0000000008005534                CO_TIME_init
 .text.CO_TIME_process
                0x0000000008005634       0xec ./CANopenNode/301/CO_TIME.o
                0x0000000008005634                CO_TIME_process
 .text.CO_LEDs_init
                0x0000000008005720       0x2e ./CANopenNode/303/CO_LEDs.o
                0x0000000008005720                CO_LEDs_init
 *fill*         0x000000000800574e        0x2 
 .text.CO_LEDs_process
                0x0000000008005750      0x360 ./CANopenNode/303/CO_LEDs.o
                0x0000000008005750                CO_LEDs_process
 .text.CO_LSSslave_receive
                0x0000000008005ab0      0x2c8 ./CANopenNode/305/CO_LSSslave.o
 .text.CO_LSSslave_init
                0x0000000008005d78       0xec ./CANopenNode/305/CO_LSSslave.o
                0x0000000008005d78                CO_LSSslave_init
 .text.CO_LSSslave_process
                0x0000000008005e64      0x42c ./CANopenNode/305/CO_LSSslave.o
                0x0000000008005e64                CO_LSSslave_process
 .text.CO_isError
                0x0000000008006290       0x4e ./CANopenNode/CANopen.o
 .text.CO_getErrorRegister
                0x00000000080062de       0x2c ./CANopenNode/CANopen.o
 .text.CO_NMT_getInternalState
                0x000000000800630a       0x24 ./CANopenNode/CANopen.o
 .text.CO_LSSslave_getState
                0x000000000800632e       0x22 ./CANopenNode/CANopen.o
 .text.CO_new   0x0000000008006350      0x22a ./CANopenNode/CANopen.o
                0x0000000008006350                CO_new
 .text.CO_delete
                0x000000000800657a       0xbe ./CANopenNode/CANopen.o
                0x000000000800657a                CO_delete
 .text.CO_CANinit
                0x0000000008006638       0x58 ./CANopenNode/CANopen.o
                0x0000000008006638                CO_CANinit
 .text.CO_LSSinit
                0x0000000008006690       0x58 ./CANopenNode/CANopen.o
                0x0000000008006690                CO_LSSinit
 .text.CO_CANopenInit
                0x00000000080066e8      0x288 ./CANopenNode/CANopen.o
                0x00000000080066e8                CO_CANopenInit
 .text.CO_CANopenInitPDO
                0x0000000008006970       0xf0 ./CANopenNode/CANopen.o
                0x0000000008006970                CO_CANopenInitPDO
 .text.CO_process
                0x0000000008006a60      0x1f0 ./CANopenNode/CANopen.o
                0x0000000008006a60                CO_process
 .text.CO_process_SYNC
                0x0000000008006c50       0x86 ./CANopenNode/CANopen.o
                0x0000000008006c50                CO_process_SYNC
 .text.CO_process_RPDO
                0x0000000008006cd6       0x3c ./CANopenNode/CANopen.o
                0x0000000008006cd6                CO_process_RPDO
 .text.CO_process_TPDO
                0x0000000008006d12       0x68 ./CANopenNode/CANopen.o
                0x0000000008006d12                CO_process_TPDO
 *fill*         0x0000000008006d7a        0x2 
 .text.canopen_app_init
                0x0000000008006d7c       0x68 ./CANopenNode_STM32/CO_app_STM32.o
                0x0000000008006d7c                canopen_app_init
 .text.canopen_app_resetCommunication
                0x0000000008006de4      0x23c ./CANopenNode_STM32/CO_app_STM32.o
                0x0000000008006de4                canopen_app_resetCommunication
 .text.canopen_app_process
                0x0000000008007020       0xd8 ./CANopenNode_STM32/CO_app_STM32.o
                0x0000000008007020                canopen_app_process
 .text.canopen_app_interrupt
                0x00000000080070f8       0x84 ./CANopenNode_STM32/CO_app_STM32.o
                0x00000000080070f8                canopen_app_interrupt
 .text.CO_CANsetConfigurationMode
                0x000000000800717c       0x20 ./CANopenNode_STM32/CO_driver_STM32.o
                0x000000000800717c                CO_CANsetConfigurationMode
 .text.CO_CANsetNormalMode
                0x000000000800719c       0x30 ./CANopenNode_STM32/CO_driver_STM32.o
                0x000000000800719c                CO_CANsetNormalMode
 .text.CO_CANmodule_init
                0x00000000080071cc      0x190 ./CANopenNode_STM32/CO_driver_STM32.o
                0x00000000080071cc                CO_CANmodule_init
 .text.CO_CANmodule_disable
                0x000000000800735c       0x2a ./CANopenNode_STM32/CO_driver_STM32.o
                0x000000000800735c                CO_CANmodule_disable
 *fill*         0x0000000008007386        0x2 
 .text.CO_CANrxBufferInit
                0x0000000008007388       0xbc ./CANopenNode_STM32/CO_driver_STM32.o
                0x0000000008007388                CO_CANrxBufferInit
 .text.CO_CANtxBufferInit
                0x0000000008007444       0x74 ./CANopenNode_STM32/CO_driver_STM32.o
                0x0000000008007444                CO_CANtxBufferInit
 .text.prv_send_can_message
                0x00000000080074b8       0x80 ./CANopenNode_STM32/CO_driver_STM32.o
 .text.CO_CANsend
                0x0000000008007538       0x86 ./CANopenNode_STM32/CO_driver_STM32.o
                0x0000000008007538                CO_CANsend
 .text.CO_CANclearPendingSyncPDOs
                0x00000000080075be       0xcc ./CANopenNode_STM32/CO_driver_STM32.o
                0x00000000080075be                CO_CANclearPendingSyncPDOs
 .text.CO_CANmodule_process
                0x000000000800768a       0x90 ./CANopenNode_STM32/CO_driver_STM32.o
                0x000000000800768a                CO_CANmodule_process
 *fill*         0x000000000800771a        0x2 
 .text.prv_read_can_received_msg
                0x000000000800771c       0xd8 ./CANopenNode_STM32/CO_driver_STM32.o
 .text.HAL_CAN_RxFifo0MsgPendingCallback
                0x00000000080077f4       0x1a ./CANopenNode_STM32/CO_driver_STM32.o
                0x00000000080077f4                HAL_CAN_RxFifo0MsgPendingCallback
 .text.HAL_CAN_RxFifo1MsgPendingCallback
                0x000000000800780e       0x1a ./CANopenNode_STM32/CO_driver_STM32.o
                0x000000000800780e                HAL_CAN_RxFifo1MsgPendingCallback
 .text.CO_CANinterrupt_TX
                0x0000000008007828       0xa4 ./CANopenNode_STM32/CO_driver_STM32.o
                0x0000000008007828                CO_CANinterrupt_TX
 .text.HAL_CAN_TxMailbox0CompleteCallback
                0x00000000080078cc       0x20 ./CANopenNode_STM32/CO_driver_STM32.o
                0x00000000080078cc                HAL_CAN_TxMailbox0CompleteCallback
 .text.HAL_CAN_TxMailbox1CompleteCallback
                0x00000000080078ec       0x20 ./CANopenNode_STM32/CO_driver_STM32.o
                0x00000000080078ec                HAL_CAN_TxMailbox1CompleteCallback
 .text.HAL_CAN_TxMailbox2CompleteCallback
                0x000000000800790c       0x20 ./CANopenNode_STM32/CO_driver_STM32.o
                0x000000000800790c                HAL_CAN_TxMailbox2CompleteCallback
 .text.MX_ADC1_Init
                0x000000000800792c       0xa4 ./Core/Src/adc.o
                0x000000000800792c                MX_ADC1_Init
 .text.HAL_ADC_MspInit
                0x00000000080079d0       0xf0 ./Core/Src/adc.o
                0x00000000080079d0                HAL_ADC_MspInit
 .text.MX_CAN1_Init
                0x0000000008007ac0       0x6c ./Core/Src/can.o
                0x0000000008007ac0                MX_CAN1_Init
 .text.HAL_CAN_MspInit
                0x0000000008007b2c       0xc0 ./Core/Src/can.o
                0x0000000008007b2c                HAL_CAN_MspInit
 .text.MX_DMA_Init
                0x0000000008007bec       0x40 ./Core/Src/dma.o
                0x0000000008007bec                MX_DMA_Init
 .text.MX_GPIO_Init
                0x0000000008007c2c      0x244 ./Core/Src/gpio.o
                0x0000000008007c2c                MX_GPIO_Init
 .text.MX_IWDG_Init
                0x0000000008007e70       0x34 ./Core/Src/iwdg.o
                0x0000000008007e70                MX_IWDG_Init
 .text.OD_get_u8
                0x0000000008007ea4       0x2a ./Core/Src/main.o
 .text.OD_set_u8
                0x0000000008007ece       0x2e ./Core/Src/main.o
 .text.OD_set_u16
                0x0000000008007efc       0x2e ./Core/Src/main.o
 *fill*         0x0000000008007f2a        0x6 
 .text.main     0x0000000008007f30      0x224 ./Core/Src/main.o
                0x0000000008007f30                main
 .text.SystemClock_Config
                0x0000000008008154       0xdc ./Core/Src/main.o
                0x0000000008008154                SystemClock_Config
 .text.HAL_TIM_PeriodElapsedCallback
                0x0000000008008230      0x1b8 ./Core/Src/main.o
                0x0000000008008230                HAL_TIM_PeriodElapsedCallback
 .text.control_valve
                0x00000000080083e8       0x9c ./Core/Src/main.o
                0x00000000080083e8                control_valve
 .text.get_temperature
                0x0000000008008484       0x6c ./Core/Src/main.o
                0x0000000008008484                get_temperature
 .text.show_err_LED
                0x00000000080084f0       0x18 ./Core/Src/main.o
                0x00000000080084f0                show_err_LED
 .text.kalman_filter
                0x0000000008008508       0xf0 ./Core/Src/main.o
                0x0000000008008508                kalman_filter
 .text.Error_Handler
                0x00000000080085f8        0xa ./Core/Src/main.o
                0x00000000080085f8                Error_Handler
 .text.PID_Init
                0x0000000008008602       0x74 ./Core/Src/pid.o
                0x0000000008008602                PID_Init
 *fill*         0x0000000008008676        0x2 
 .text.PID      0x0000000008008678       0x98 ./Core/Src/pid.o
                0x0000000008008678                PID
 .text.PID_Compute
                0x0000000008008710      0x1d4 ./Core/Src/pid.o
                0x0000000008008710                PID_Compute
 .text.PID_SetMode
                0x00000000080088e4       0x3c ./Core/Src/pid.o
                0x00000000080088e4                PID_SetMode
 .text.PID_SetOutputLimits
                0x0000000008008920       0xdc ./Core/Src/pid.o
                0x0000000008008920                PID_SetOutputLimits
 .text.PID_SetTunings2
                0x00000000080089fc      0x150 ./Core/Src/pid.o
                0x00000000080089fc                PID_SetTunings2
 .text.PID_SetControllerDirection
                0x0000000008008b4c       0x80 ./Core/Src/pid.o
                0x0000000008008b4c                PID_SetControllerDirection
 .text.PID_SetSampleTime
                0x0000000008008bcc       0x76 ./Core/Src/pid.o
                0x0000000008008bcc                PID_SetSampleTime
 *fill*         0x0000000008008c42        0x2 
 .text.HAL_MspInit
                0x0000000008008c44       0x50 ./Core/Src/stm32f4xx_hal_msp.o
                0x0000000008008c44                HAL_MspInit
 .text.NMI_Handler
                0x0000000008008c94        0xa ./Core/Src/stm32f4xx_it.o
                0x0000000008008c94                NMI_Handler
 .text.HardFault_Handler
                0x0000000008008c9e        0x6 ./Core/Src/stm32f4xx_it.o
                0x0000000008008c9e                HardFault_Handler
 .text.MemManage_Handler
                0x0000000008008ca4        0x6 ./Core/Src/stm32f4xx_it.o
                0x0000000008008ca4                MemManage_Handler
 .text.BusFault_Handler
                0x0000000008008caa        0x6 ./Core/Src/stm32f4xx_it.o
                0x0000000008008caa                BusFault_Handler
 .text.UsageFault_Handler
                0x0000000008008cb0        0x6 ./Core/Src/stm32f4xx_it.o
                0x0000000008008cb0                UsageFault_Handler
 .text.SVC_Handler
                0x0000000008008cb6        0xe ./Core/Src/stm32f4xx_it.o
                0x0000000008008cb6                SVC_Handler
 .text.DebugMon_Handler
                0x0000000008008cc4        0xe ./Core/Src/stm32f4xx_it.o
                0x0000000008008cc4                DebugMon_Handler
 .text.PendSV_Handler
                0x0000000008008cd2        0xe ./Core/Src/stm32f4xx_it.o
                0x0000000008008cd2                PendSV_Handler
 .text.SysTick_Handler
                0x0000000008008ce0        0xc ./Core/Src/stm32f4xx_it.o
                0x0000000008008ce0                SysTick_Handler
 .text.CAN1_TX_IRQHandler
                0x0000000008008cec       0x14 ./Core/Src/stm32f4xx_it.o
                0x0000000008008cec                CAN1_TX_IRQHandler
 .text.CAN1_RX0_IRQHandler
                0x0000000008008d00       0x14 ./Core/Src/stm32f4xx_it.o
                0x0000000008008d00                CAN1_RX0_IRQHandler
 .text.CAN1_RX1_IRQHandler
                0x0000000008008d14       0x14 ./Core/Src/stm32f4xx_it.o
                0x0000000008008d14                CAN1_RX1_IRQHandler
 .text.TIM1_BRK_TIM9_IRQHandler
                0x0000000008008d28       0x1c ./Core/Src/stm32f4xx_it.o
                0x0000000008008d28                TIM1_BRK_TIM9_IRQHandler
 .text.TIM1_UP_TIM10_IRQHandler
                0x0000000008008d44       0x1c ./Core/Src/stm32f4xx_it.o
                0x0000000008008d44                TIM1_UP_TIM10_IRQHandler
 .text.TIM1_TRG_COM_TIM11_IRQHandler
                0x0000000008008d60       0x1c ./Core/Src/stm32f4xx_it.o
                0x0000000008008d60                TIM1_TRG_COM_TIM11_IRQHandler
 .text.TIM2_IRQHandler
                0x0000000008008d7c       0x14 ./Core/Src/stm32f4xx_it.o
                0x0000000008008d7c                TIM2_IRQHandler
 .text.TIM4_IRQHandler
                0x0000000008008d90       0x14 ./Core/Src/stm32f4xx_it.o
                0x0000000008008d90                TIM4_IRQHandler
 .text.TIM8_UP_TIM13_IRQHandler
                0x0000000008008da4       0x14 ./Core/Src/stm32f4xx_it.o
                0x0000000008008da4                TIM8_UP_TIM13_IRQHandler
 .text.TIM8_TRG_COM_TIM14_IRQHandler
                0x0000000008008db8       0x14 ./Core/Src/stm32f4xx_it.o
                0x0000000008008db8                TIM8_TRG_COM_TIM14_IRQHandler
 .text.TIM5_IRQHandler
                0x0000000008008dcc       0x14 ./Core/Src/stm32f4xx_it.o
                0x0000000008008dcc                TIM5_IRQHandler
 .text.DMA2_Stream0_IRQHandler
                0x0000000008008de0       0x14 ./Core/Src/stm32f4xx_it.o
                0x0000000008008de0                DMA2_Stream0_IRQHandler
 .text._read    0x0000000008008df4       0x3a ./Core/Src/syscalls.o
                0x0000000008008df4                _read
 .text._write   0x0000000008008e2e       0x38 ./Core/Src/syscalls.o
                0x0000000008008e2e                _write
 .text._close   0x0000000008008e66       0x18 ./Core/Src/syscalls.o
                0x0000000008008e66                _close
 .text._fstat   0x0000000008008e7e       0x20 ./Core/Src/syscalls.o
                0x0000000008008e7e                _fstat
 .text._isatty  0x0000000008008e9e       0x16 ./Core/Src/syscalls.o
                0x0000000008008e9e                _isatty
 .text._lseek   0x0000000008008eb4       0x1a ./Core/Src/syscalls.o
                0x0000000008008eb4                _lseek
 *fill*         0x0000000008008ece        0x2 
 .text._sbrk    0x0000000008008ed0       0x6c ./Core/Src/sysmem.o
                0x0000000008008ed0                _sbrk
 .text.SystemInit
                0x0000000008008f3c       0x24 ./Core/Src/system_stm32f4xx.o
                0x0000000008008f3c                SystemInit
 .text.MX_TIM1_Init
                0x0000000008008f60       0xa0 ./Core/Src/tim.o
                0x0000000008008f60                MX_TIM1_Init
 .text.MX_TIM2_Init
                0x0000000008009000       0x98 ./Core/Src/tim.o
                0x0000000008009000                MX_TIM2_Init
 .text.MX_TIM4_Init
                0x0000000008009098       0x9c ./Core/Src/tim.o
                0x0000000008009098                MX_TIM4_Init
 .text.MX_TIM5_Init
                0x0000000008009134       0x9c ./Core/Src/tim.o
                0x0000000008009134                MX_TIM5_Init
 .text.MX_TIM9_Init
                0x00000000080091d0       0xdc ./Core/Src/tim.o
                0x00000000080091d0                MX_TIM9_Init
 .text.MX_TIM10_Init
                0x00000000080092ac       0x98 ./Core/Src/tim.o
                0x00000000080092ac                MX_TIM10_Init
 .text.MX_TIM11_Init
                0x0000000008009344       0x98 ./Core/Src/tim.o
                0x0000000008009344                MX_TIM11_Init
 .text.MX_TIM12_Init
                0x00000000080093dc       0xc4 ./Core/Src/tim.o
                0x00000000080093dc                MX_TIM12_Init
 .text.MX_TIM13_Init
                0x00000000080094a0       0x9c ./Core/Src/tim.o
                0x00000000080094a0                MX_TIM13_Init
 .text.MX_TIM14_Init
                0x000000000800953c       0x9c ./Core/Src/tim.o
                0x000000000800953c                MX_TIM14_Init
 .text.HAL_TIM_Base_MspInit
                0x00000000080095d8      0x278 ./Core/Src/tim.o
                0x00000000080095d8                HAL_TIM_Base_MspInit
 .text.HAL_TIM_MspPostInit
                0x0000000008009850      0x1fc ./Core/Src/tim.o
                0x0000000008009850                HAL_TIM_MspPostInit
 .text.MX_USART1_UART_Init
                0x0000000008009a4c       0x54 ./Core/Src/usart.o
                0x0000000008009a4c                MX_USART1_UART_Init
 .text.MX_USART2_UART_Init
                0x0000000008009aa0       0x54 ./Core/Src/usart.o
                0x0000000008009aa0                MX_USART2_UART_Init
 .text.HAL_UART_MspInit
                0x0000000008009af4       0xf8 ./Core/Src/usart.o
                0x0000000008009af4                HAL_UART_MspInit
 .text.MX_USB_OTG_FS_HCD_Init
                0x0000000008009bec       0x44 ./Core/Src/usb_otg.o
                0x0000000008009bec                MX_USB_OTG_FS_HCD_Init
 .text.HAL_HCD_MspInit
                0x0000000008009c30       0x98 ./Core/Src/usb_otg.o
                0x0000000008009c30                HAL_HCD_MspInit
 .text.Reset_Handler
                0x0000000008009cc8       0x50 ./Core/Startup/startup_stm32f427vitx.o
                0x0000000008009cc8                Reset_Handler
 .text.Default_Handler
                0x0000000008009d18        0x2 ./Core/Startup/startup_stm32f427vitx.o
                0x0000000008009d18                RTC_Alarm_IRQHandler
                0x0000000008009d18                HASH_RNG_IRQHandler
                0x0000000008009d18                EXTI2_IRQHandler
                0x0000000008009d18                TIM8_CC_IRQHandler
                0x0000000008009d18                UART8_IRQHandler
                0x0000000008009d18                SPI4_IRQHandler
                0x0000000008009d18                TIM1_CC_IRQHandler
                0x0000000008009d18                DMA2_Stream5_IRQHandler
                0x0000000008009d18                DMA1_Stream5_IRQHandler
                0x0000000008009d18                PVD_IRQHandler
                0x0000000008009d18                SDIO_IRQHandler
                0x0000000008009d18                TAMP_STAMP_IRQHandler
                0x0000000008009d18                CAN2_RX1_IRQHandler
                0x0000000008009d18                EXTI3_IRQHandler
                0x0000000008009d18                I2C3_ER_IRQHandler
                0x0000000008009d18                EXTI0_IRQHandler
                0x0000000008009d18                I2C2_EV_IRQHandler
                0x0000000008009d18                DMA1_Stream2_IRQHandler
                0x0000000008009d18                FPU_IRQHandler
                0x0000000008009d18                OTG_HS_WKUP_IRQHandler
                0x0000000008009d18                CAN2_SCE_IRQHandler
                0x0000000008009d18                DMA2_Stream2_IRQHandler
                0x0000000008009d18                SPI1_IRQHandler
                0x0000000008009d18                TIM6_DAC_IRQHandler
                0x0000000008009d18                DCMI_IRQHandler
                0x0000000008009d18                CAN2_RX0_IRQHandler
                0x0000000008009d18                DMA2_Stream3_IRQHandler
                0x0000000008009d18                USART6_IRQHandler
                0x0000000008009d18                USART3_IRQHandler
                0x0000000008009d18                UART5_IRQHandler
                0x0000000008009d18                I2C1_EV_IRQHandler
                0x0000000008009d18                DMA1_Stream6_IRQHandler
                0x0000000008009d18                DMA1_Stream1_IRQHandler
                0x0000000008009d18                UART4_IRQHandler
                0x0000000008009d18                TIM3_IRQHandler
                0x0000000008009d18                RCC_IRQHandler
                0x0000000008009d18                TIM8_BRK_TIM12_IRQHandler
                0x0000000008009d18                Default_Handler
                0x0000000008009d18                EXTI15_10_IRQHandler
                0x0000000008009d18                ADC_IRQHandler
                0x0000000008009d18                DMA1_Stream7_IRQHandler
                0x0000000008009d18                SPI5_IRQHandler
                0x0000000008009d18                TIM7_IRQHandler
                0x0000000008009d18                CAN2_TX_IRQHandler
                0x0000000008009d18                DMA2_Stream7_IRQHandler
                0x0000000008009d18                I2C3_EV_IRQHandler
                0x0000000008009d18                EXTI9_5_IRQHandler
                0x0000000008009d18                RTC_WKUP_IRQHandler
                0x0000000008009d18                ETH_WKUP_IRQHandler
                0x0000000008009d18                SPI2_IRQHandler
                0x0000000008009d18                OTG_HS_EP1_IN_IRQHandler
                0x0000000008009d18                DMA1_Stream0_IRQHandler
                0x0000000008009d18                EXTI4_IRQHandler
                0x0000000008009d18                ETH_IRQHandler
                0x0000000008009d18                OTG_HS_EP1_OUT_IRQHandler
                0x0000000008009d18                WWDG_IRQHandler
                0x0000000008009d18                SPI6_IRQHandler
                0x0000000008009d18                OTG_FS_WKUP_IRQHandler
                0x0000000008009d18                OTG_HS_IRQHandler
                0x0000000008009d18                DMA2D_IRQHandler
                0x0000000008009d18                EXTI1_IRQHandler
                0x0000000008009d18                UART7_IRQHandler
                0x0000000008009d18                USART2_IRQHandler
                0x0000000008009d18                I2C2_ER_IRQHandler
                0x0000000008009d18                DMA2_Stream1_IRQHandler
                0x0000000008009d18                CAN1_SCE_IRQHandler
                0x0000000008009d18                FLASH_IRQHandler
                0x0000000008009d18                DMA2_Stream4_IRQHandler
                0x0000000008009d18                USART1_IRQHandler
                0x0000000008009d18                OTG_FS_IRQHandler
                0x0000000008009d18                SPI3_IRQHandler
                0x0000000008009d18                DMA1_Stream4_IRQHandler
                0x0000000008009d18                I2C1_ER_IRQHandler
                0x0000000008009d18                FMC_IRQHandler
                0x0000000008009d18                DMA2_Stream6_IRQHandler
                0x0000000008009d18                SAI1_IRQHandler
                0x0000000008009d18                DMA1_Stream3_IRQHandler
 *fill*         0x0000000008009d1a        0x2 
 .text.HAL_Init
                0x0000000008009d1c       0x44 ./Drivers/STM32F4xx_HAL_Driver/Src/stm32f4xx_hal.o
                0x0000000008009d1c                HAL_Init
 .text.HAL_InitTick
                0x0000000008009d60       0x60 ./Drivers/STM32F4xx_HAL_Driver/Src/stm32f4xx_hal.o
                0x0000000008009d60                HAL_InitTick
 .text.HAL_IncTick
                0x0000000008009dc0       0x28 ./Drivers/STM32F4xx_HAL_Driver/Src/stm32f4xx_hal.o
                0x0000000008009dc0                HAL_IncTick
 .text.HAL_GetTick
                0x0000000008009de8       0x18 ./Drivers/STM32F4xx_HAL_Driver/Src/stm32f4xx_hal.o
                0x0000000008009de8                HAL_GetTick
 .text.HAL_Delay
                0x0000000008009e00       0x48 ./Drivers/STM32F4xx_HAL_Driver/Src/stm32f4xx_hal.o
                0x0000000008009e00                HAL_Delay
 .text.HAL_ADC_Init
                0x0000000008009e48       0x86 ./Drivers/STM32F4xx_HAL_Driver/Src/stm32f4xx_hal_adc.o
                0x0000000008009e48                HAL_ADC_Init
 *fill*         0x0000000008009ece        0x2 
 .text.HAL_ADC_Start_DMA
                0x0000000008009ed0      0x220 ./Drivers/STM32F4xx_HAL_Driver/Src/stm32f4xx_hal_adc.o
                0x0000000008009ed0                HAL_ADC_Start_DMA
 .text.HAL_ADC_ConvCpltCallback
                0x000000000800a0f0       0x14 ./Drivers/STM32F4xx_HAL_Driver/Src/stm32f4xx_hal_adc.o
                0x000000000800a0f0                HAL_ADC_ConvCpltCallback
 .text.HAL_ADC_ConvHalfCpltCallback
                0x000000000800a104       0x14 ./Drivers/STM32F4xx_HAL_Driver/Src/stm32f4xx_hal_adc.o
                0x000000000800a104                HAL_ADC_ConvHalfCpltCallback
 .text.HAL_ADC_ErrorCallback
                0x000000000800a118       0x14 ./Drivers/STM32F4xx_HAL_Driver/Src/stm32f4xx_hal_adc.o
                0x000000000800a118                HAL_ADC_ErrorCallback
 .text.HAL_ADC_ConfigChannel
                0x000000000800a12c      0x264 ./Drivers/STM32F4xx_HAL_Driver/Src/stm32f4xx_hal_adc.o
                0x000000000800a12c                HAL_ADC_ConfigChannel
 .text.ADC_Init
                0x000000000800a390      0x1f8 ./Drivers/STM32F4xx_HAL_Driver/Src/stm32f4xx_hal_adc.o
 .text.ADC_DMAConvCplt
                0x000000000800a588       0xba ./Drivers/STM32F4xx_HAL_Driver/Src/stm32f4xx_hal_adc.o
 .text.ADC_DMAHalfConvCplt
                0x000000000800a642       0x1c ./Drivers/STM32F4xx_HAL_Driver/Src/stm32f4xx_hal_adc.o
 .text.ADC_DMAError
                0x000000000800a65e       0x2e ./Drivers/STM32F4xx_HAL_Driver/Src/stm32f4xx_hal_adc.o
 .text.HAL_CAN_Init
                0x000000000800a68c      0x1f6 ./Drivers/STM32F4xx_HAL_Driver/Src/stm32f4xx_hal_can.o
                0x000000000800a68c                HAL_CAN_Init
 *fill*         0x000000000800a882        0x2 
 .text.HAL_CAN_ConfigFilter
                0x000000000800a884      0x1c0 ./Drivers/STM32F4xx_HAL_Driver/Src/stm32f4xx_hal_can.o
                0x000000000800a884                HAL_CAN_ConfigFilter
 .text.HAL_CAN_Start
                0x000000000800aa44       0x88 ./Drivers/STM32F4xx_HAL_Driver/Src/stm32f4xx_hal_can.o
                0x000000000800aa44                HAL_CAN_Start
 .text.HAL_CAN_Stop
                0x000000000800aacc       0x92 ./Drivers/STM32F4xx_HAL_Driver/Src/stm32f4xx_hal_can.o
                0x000000000800aacc                HAL_CAN_Stop
 .text.HAL_CAN_AddTxMessage
                0x000000000800ab5e      0x1a0 ./Drivers/STM32F4xx_HAL_Driver/Src/stm32f4xx_hal_can.o
                0x000000000800ab5e                HAL_CAN_AddTxMessage
 .text.HAL_CAN_GetTxMailboxesFreeLevel
                0x000000000800acfe       0x6a ./Drivers/STM32F4xx_HAL_Driver/Src/stm32f4xx_hal_can.o
                0x000000000800acfe                HAL_CAN_GetTxMailboxesFreeLevel
 .text.HAL_CAN_GetRxMessage
                0x000000000800ad68      0x244 ./Drivers/STM32F4xx_HAL_Driver/Src/stm32f4xx_hal_can.o
                0x000000000800ad68                HAL_CAN_GetRxMessage
 .text.HAL_CAN_ActivateNotification
                0x000000000800afac       0x4c ./Drivers/STM32F4xx_HAL_Driver/Src/stm32f4xx_hal_can.o
                0x000000000800afac                HAL_CAN_ActivateNotification
 .text.HAL_CAN_IRQHandler
                0x000000000800aff8      0x36e ./Drivers/STM32F4xx_HAL_Driver/Src/stm32f4xx_hal_can.o
                0x000000000800aff8                HAL_CAN_IRQHandler
 .text.HAL_CAN_TxMailbox0AbortCallback
                0x000000000800b366       0x14 ./Drivers/STM32F4xx_HAL_Driver/Src/stm32f4xx_hal_can.o
                0x000000000800b366                HAL_CAN_TxMailbox0AbortCallback
 .text.HAL_CAN_TxMailbox1AbortCallback
                0x000000000800b37a       0x14 ./Drivers/STM32F4xx_HAL_Driver/Src/stm32f4xx_hal_can.o
                0x000000000800b37a                HAL_CAN_TxMailbox1AbortCallback
 .text.HAL_CAN_TxMailbox2AbortCallback
                0x000000000800b38e       0x14 ./Drivers/STM32F4xx_HAL_Driver/Src/stm32f4xx_hal_can.o
                0x000000000800b38e                HAL_CAN_TxMailbox2AbortCallback
 .text.HAL_CAN_RxFifo0FullCallback
                0x000000000800b3a2       0x14 ./Drivers/STM32F4xx_HAL_Driver/Src/stm32f4xx_hal_can.o
                0x000000000800b3a2                HAL_CAN_RxFifo0FullCallback
 .text.HAL_CAN_RxFifo1FullCallback
                0x000000000800b3b6       0x14 ./Drivers/STM32F4xx_HAL_Driver/Src/stm32f4xx_hal_can.o
                0x000000000800b3b6                HAL_CAN_RxFifo1FullCallback
 .text.HAL_CAN_SleepCallback
                0x000000000800b3ca       0x14 ./Drivers/STM32F4xx_HAL_Driver/Src/stm32f4xx_hal_can.o
                0x000000000800b3ca                HAL_CAN_SleepCallback
 .text.HAL_CAN_WakeUpFromRxMsgCallback
                0x000000000800b3de       0x14 ./Drivers/STM32F4xx_HAL_Driver/Src/stm32f4xx_hal_can.o
                0x000000000800b3de                HAL_CAN_WakeUpFromRxMsgCallback
 .text.HAL_CAN_ErrorCallback
                0x000000000800b3f2       0x14 ./Drivers/STM32F4xx_HAL_Driver/Src/stm32f4xx_hal_can.o
                0x000000000800b3f2                HAL_CAN_ErrorCallback
 *fill*         0x000000000800b406        0x2 
 .text.__NVIC_SetPriorityGrouping
                0x000000000800b408       0x48 ./Drivers/STM32F4xx_HAL_Driver/Src/stm32f4xx_hal_cortex.o
 .text.__NVIC_GetPriorityGrouping
                0x000000000800b450       0x1c ./Drivers/STM32F4xx_HAL_Driver/Src/stm32f4xx_hal_cortex.o
 .text.__NVIC_EnableIRQ
                0x000000000800b46c       0x3c ./Drivers/STM32F4xx_HAL_Driver/Src/stm32f4xx_hal_cortex.o
 .text.__NVIC_SetPriority
                0x000000000800b4a8       0x54 ./Drivers/STM32F4xx_HAL_Driver/Src/stm32f4xx_hal_cortex.o
 .text.NVIC_EncodePriority
                0x000000000800b4fc       0x66 ./Drivers/STM32F4xx_HAL_Driver/Src/stm32f4xx_hal_cortex.o
 *fill*         0x000000000800b562        0x2 
 .text.__NVIC_SystemReset
                0x000000000800b564       0x2c ./Drivers/STM32F4xx_HAL_Driver/Src/stm32f4xx_hal_cortex.o
 .text.SysTick_Config
                0x000000000800b590       0x44 ./Drivers/STM32F4xx_HAL_Driver/Src/stm32f4xx_hal_cortex.o
 .text.HAL_NVIC_SetPriorityGrouping
                0x000000000800b5d4       0x16 ./Drivers/STM32F4xx_HAL_Driver/Src/stm32f4xx_hal_cortex.o
                0x000000000800b5d4                HAL_NVIC_SetPriorityGrouping
 .text.HAL_NVIC_SetPriority
                0x000000000800b5ea       0x38 ./Drivers/STM32F4xx_HAL_Driver/Src/stm32f4xx_hal_cortex.o
                0x000000000800b5ea                HAL_NVIC_SetPriority
 .text.HAL_NVIC_EnableIRQ
                0x000000000800b622       0x1c ./Drivers/STM32F4xx_HAL_Driver/Src/stm32f4xx_hal_cortex.o
                0x000000000800b622                HAL_NVIC_EnableIRQ
 .text.HAL_NVIC_SystemReset
                0x000000000800b63e        0x8 ./Drivers/STM32F4xx_HAL_Driver/Src/stm32f4xx_hal_cortex.o
                0x000000000800b63e                HAL_NVIC_SystemReset
 .text.HAL_SYSTICK_Config
                0x000000000800b646       0x18 ./Drivers/STM32F4xx_HAL_Driver/Src/stm32f4xx_hal_cortex.o
                0x000000000800b646                HAL_SYSTICK_Config
 *fill*         0x000000000800b65e        0x2 
 .text.HAL_DMA_Init
                0x000000000800b660      0x15c ./Drivers/STM32F4xx_HAL_Driver/Src/stm32f4xx_hal_dma.o
                0x000000000800b660                HAL_DMA_Init
 .text.HAL_DMA_Start_IT
                0x000000000800b7bc       0xb0 ./Drivers/STM32F4xx_HAL_Driver/Src/stm32f4xx_hal_dma.o
                0x000000000800b7bc                HAL_DMA_Start_IT
 .text.HAL_DMA_IRQHandler
                0x000000000800b86c      0x314 ./Drivers/STM32F4xx_HAL_Driver/Src/stm32f4xx_hal_dma.o
                0x000000000800b86c                HAL_DMA_IRQHandler
 .text.DMA_SetConfig
                0x000000000800bb80       0x5c ./Drivers/STM32F4xx_HAL_Driver/Src/stm32f4xx_hal_dma.o
 .text.DMA_CalcBaseAndBitshift
                0x000000000800bbdc       0x6c ./Drivers/STM32F4xx_HAL_Driver/Src/stm32f4xx_hal_dma.o
 .text.DMA_CheckFifoParam
                0x000000000800bc48       0xf8 ./Drivers/STM32F4xx_HAL_Driver/Src/stm32f4xx_hal_dma.o
 .text.HAL_GPIO_Init
                0x000000000800bd40      0x358 ./Drivers/STM32F4xx_HAL_Driver/Src/stm32f4xx_hal_gpio.o
                0x000000000800bd40                HAL_GPIO_Init
 .text.HAL_GPIO_ReadPin
                0x000000000800c098       0x30 ./Drivers/STM32F4xx_HAL_Driver/Src/stm32f4xx_hal_gpio.o
                0x000000000800c098                HAL_GPIO_ReadPin
 .text.HAL_GPIO_WritePin
                0x000000000800c0c8       0x32 ./Drivers/STM32F4xx_HAL_Driver/Src/stm32f4xx_hal_gpio.o
                0x000000000800c0c8                HAL_GPIO_WritePin
 .text.HAL_GPIO_TogglePin
                0x000000000800c0fa       0x34 ./Drivers/STM32F4xx_HAL_Driver/Src/stm32f4xx_hal_gpio.o
                0x000000000800c0fa                HAL_GPIO_TogglePin
 .text.HAL_HCD_Init
                0x000000000800c12e       0xce ./Drivers/STM32F4xx_HAL_Driver/Src/stm32f4xx_hal_hcd.o
                0x000000000800c12e                HAL_HCD_Init
 .text.HAL_IWDG_Init
                0x000000000800c1fc       0x84 ./Drivers/STM32F4xx_HAL_Driver/Src/stm32f4xx_hal_iwdg.o
                0x000000000800c1fc                HAL_IWDG_Init
 .text.HAL_IWDG_Refresh
                0x000000000800c280       0x20 ./Drivers/STM32F4xx_HAL_Driver/Src/stm32f4xx_hal_iwdg.o
                0x000000000800c280                HAL_IWDG_Refresh
 .text.HAL_RCC_OscConfig
                0x000000000800c2a0      0x4f0 ./Drivers/STM32F4xx_HAL_Driver/Src/stm32f4xx_hal_rcc.o
                0x000000000800c2a0                HAL_RCC_OscConfig
 .text.HAL_RCC_ClockConfig
                0x000000000800c790      0x1cc ./Drivers/STM32F4xx_HAL_Driver/Src/stm32f4xx_hal_rcc.o
                0x000000000800c790                HAL_RCC_ClockConfig
 .text.HAL_RCC_EnableCSS
                0x000000000800c95c       0x18 ./Drivers/STM32F4xx_HAL_Driver/Src/stm32f4xx_hal_rcc.o
                0x000000000800c95c                HAL_RCC_EnableCSS
 .text.HAL_RCC_GetSysClockFreq
                0x000000000800c974      0x20c ./Drivers/STM32F4xx_HAL_Driver/Src/stm32f4xx_hal_rcc.o
                0x000000000800c974                HAL_RCC_GetSysClockFreq
 .text.HAL_RCC_GetHCLKFreq
                0x000000000800cb80       0x18 ./Drivers/STM32F4xx_HAL_Driver/Src/stm32f4xx_hal_rcc.o
                0x000000000800cb80                HAL_RCC_GetHCLKFreq
 .text.HAL_RCC_GetPCLK1Freq
                0x000000000800cb98       0x28 ./Drivers/STM32F4xx_HAL_Driver/Src/stm32f4xx_hal_rcc.o
                0x000000000800cb98                HAL_RCC_GetPCLK1Freq
 .text.HAL_RCC_GetPCLK2Freq
                0x000000000800cbc0       0x28 ./Drivers/STM32F4xx_HAL_Driver/Src/stm32f4xx_hal_rcc.o
                0x000000000800cbc0                HAL_RCC_GetPCLK2Freq
 .text.HAL_RCC_NMI_IRQHandler
                0x000000000800cbe8       0x28 ./Drivers/STM32F4xx_HAL_Driver/Src/stm32f4xx_hal_rcc.o
                0x000000000800cbe8                HAL_RCC_NMI_IRQHandler
 .text.HAL_RCC_CSSCallback
                0x000000000800cc10        0xe ./Drivers/STM32F4xx_HAL_Driver/Src/stm32f4xx_hal_rcc.o
                0x000000000800cc10                HAL_RCC_CSSCallback
 .text.HAL_TIM_Base_Init
                0x000000000800cc1e       0x9e ./Drivers/STM32F4xx_HAL_Driver/Src/stm32f4xx_hal_tim.o
                0x000000000800cc1e                HAL_TIM_Base_Init
 .text.HAL_TIM_Base_Start_IT
                0x000000000800ccbc       0xe0 ./Drivers/STM32F4xx_HAL_Driver/Src/stm32f4xx_hal_tim.o
                0x000000000800ccbc                HAL_TIM_Base_Start_IT
 .text.HAL_TIM_Base_Stop_IT
                0x000000000800cd9c       0x5e ./Drivers/STM32F4xx_HAL_Driver/Src/stm32f4xx_hal_tim.o
                0x000000000800cd9c                HAL_TIM_Base_Stop_IT
 .text.HAL_TIM_PWM_Init
                0x000000000800cdfa       0x9e ./Drivers/STM32F4xx_HAL_Driver/Src/stm32f4xx_hal_tim.o
                0x000000000800cdfa                HAL_TIM_PWM_Init
 .text.HAL_TIM_PWM_MspInit
                0x000000000800ce98       0x14 ./Drivers/STM32F4xx_HAL_Driver/Src/stm32f4xx_hal_tim.o
                0x000000000800ce98                HAL_TIM_PWM_MspInit
 .text.HAL_TIM_PWM_Start
                0x000000000800ceac      0x190 ./Drivers/STM32F4xx_HAL_Driver/Src/stm32f4xx_hal_tim.o
                0x000000000800ceac                HAL_TIM_PWM_Start
 .text.HAL_TIM_IRQHandler
                0x000000000800d03c      0x1e0 ./Drivers/STM32F4xx_HAL_Driver/Src/stm32f4xx_hal_tim.o
                0x000000000800d03c                HAL_TIM_IRQHandler
 .text.HAL_TIM_PWM_ConfigChannel
                0x000000000800d21c      0x184 ./Drivers/STM32F4xx_HAL_Driver/Src/stm32f4xx_hal_tim.o
                0x000000000800d21c                HAL_TIM_PWM_ConfigChannel
 .text.HAL_TIM_ConfigClockSource
                0x000000000800d3a0      0x18e ./Drivers/STM32F4xx_HAL_Driver/Src/stm32f4xx_hal_tim.o
                0x000000000800d3a0                HAL_TIM_ConfigClockSource
 .text.HAL_TIM_OC_DelayElapsedCallback
                0x000000000800d52e       0x14 ./Drivers/STM32F4xx_HAL_Driver/Src/stm32f4xx_hal_tim.o
                0x000000000800d52e                HAL_TIM_OC_DelayElapsedCallback
 .text.HAL_TIM_IC_CaptureCallback
                0x000000000800d542       0x14 ./Drivers/STM32F4xx_HAL_Driver/Src/stm32f4xx_hal_tim.o
                0x000000000800d542                HAL_TIM_IC_CaptureCallback
 .text.HAL_TIM_PWM_PulseFinishedCallback
                0x000000000800d556       0x14 ./Drivers/STM32F4xx_HAL_Driver/Src/stm32f4xx_hal_tim.o
                0x000000000800d556                HAL_TIM_PWM_PulseFinishedCallback
 .text.HAL_TIM_TriggerCallback
                0x000000000800d56a       0x14 ./Drivers/STM32F4xx_HAL_Driver/Src/stm32f4xx_hal_tim.o
                0x000000000800d56a                HAL_TIM_TriggerCallback
 *fill*         0x000000000800d57e        0x2 
 .text.TIM_Base_SetConfig
                0x000000000800d580      0x158 ./Drivers/STM32F4xx_HAL_Driver/Src/stm32f4xx_hal_tim.o
                0x000000000800d580                TIM_Base_SetConfig
 .text.TIM_OC1_SetConfig
                0x000000000800d6d8       0xe0 ./Drivers/STM32F4xx_HAL_Driver/Src/stm32f4xx_hal_tim.o
 .text.TIM_OC2_SetConfig
                0x000000000800d7b8       0xec ./Drivers/STM32F4xx_HAL_Driver/Src/stm32f4xx_hal_tim.o
                0x000000000800d7b8                TIM_OC2_SetConfig
 .text.TIM_OC3_SetConfig
                0x000000000800d8a4       0xe8 ./Drivers/STM32F4xx_HAL_Driver/Src/stm32f4xx_hal_tim.o
 .text.TIM_OC4_SetConfig
                0x000000000800d98c       0xac ./Drivers/STM32F4xx_HAL_Driver/Src/stm32f4xx_hal_tim.o
 .text.TIM_TI1_ConfigInputStage
                0x000000000800da38       0x5e ./Drivers/STM32F4xx_HAL_Driver/Src/stm32f4xx_hal_tim.o
 .text.TIM_TI2_ConfigInputStage
                0x000000000800da96       0x60 ./Drivers/STM32F4xx_HAL_Driver/Src/stm32f4xx_hal_tim.o
 .text.TIM_ITRx_SetConfig
                0x000000000800daf6       0x36 ./Drivers/STM32F4xx_HAL_Driver/Src/stm32f4xx_hal_tim.o
 .text.TIM_ETR_SetConfig
                0x000000000800db2c       0x40 ./Drivers/STM32F4xx_HAL_Driver/Src/stm32f4xx_hal_tim.o
                0x000000000800db2c                TIM_ETR_SetConfig
 .text.TIM_CCxChannelCmd
                0x000000000800db6c       0x4a ./Drivers/STM32F4xx_HAL_Driver/Src/stm32f4xx_hal_tim.o
                0x000000000800db6c                TIM_CCxChannelCmd
 *fill*         0x000000000800dbb6        0x2 
 .text.HAL_TIMEx_MasterConfigSynchronization
                0x000000000800dbb8       0xf8 ./Drivers/STM32F4xx_HAL_Driver/Src/stm32f4xx_hal_tim_ex.o
                0x000000000800dbb8                HAL_TIMEx_MasterConfigSynchronization
 .text.HAL_TIMEx_CommutCallback
                0x000000000800dcb0       0x14 ./Drivers/STM32F4xx_HAL_Driver/Src/stm32f4xx_hal_tim_ex.o
                0x000000000800dcb0                HAL_TIMEx_CommutCallback
 .text.HAL_TIMEx_BreakCallback
                0x000000000800dcc4       0x14 ./Drivers/STM32F4xx_HAL_Driver/Src/stm32f4xx_hal_tim_ex.o
                0x000000000800dcc4                HAL_TIMEx_BreakCallback
 .text.HAL_UART_Init
                0x000000000800dcd8       0xa0 ./Drivers/STM32F4xx_HAL_Driver/Src/stm32f4xx_hal_uart.o
                0x000000000800dcd8                HAL_UART_Init
 .text.UART_SetConfig
                0x000000000800dd78      0x4e8 ./Drivers/STM32F4xx_HAL_Driver/Src/stm32f4xx_hal_uart.o
 .text.USB_CoreInit
                0x000000000800e260       0xc8 ./Drivers/STM32F4xx_HAL_Driver/Src/stm32f4xx_ll_usb.o
                0x000000000800e260                USB_CoreInit
 .text.USB_DisableGlobalInt
                0x000000000800e328       0x22 ./Drivers/STM32F4xx_HAL_Driver/Src/stm32f4xx_ll_usb.o
                0x000000000800e328                USB_DisableGlobalInt
 .text.USB_SetCurrentMode
                0x000000000800e34a       0x98 ./Drivers/STM32F4xx_HAL_Driver/Src/stm32f4xx_ll_usb.o
                0x000000000800e34a                USB_SetCurrentMode
 .text.USB_FlushTxFifo
                0x000000000800e3e2       0x64 ./Drivers/STM32F4xx_HAL_Driver/Src/stm32f4xx_ll_usb.o
                0x000000000800e3e2                USB_FlushTxFifo
 .text.USB_FlushRxFifo
                0x000000000800e446       0x5c ./Drivers/STM32F4xx_HAL_Driver/Src/stm32f4xx_ll_usb.o
                0x000000000800e446                USB_FlushRxFifo
 .text.USB_GetMode
                0x000000000800e4a2       0x1c ./Drivers/STM32F4xx_HAL_Driver/Src/stm32f4xx_ll_usb.o
                0x000000000800e4a2                USB_GetMode
 .text.USB_CoreReset
                0x000000000800e4be       0x62 ./Drivers/STM32F4xx_HAL_Driver/Src/stm32f4xx_ll_usb.o
 .text.USB_HostInit
                0x000000000800e520      0x188 ./Drivers/STM32F4xx_HAL_Driver/Src/stm32f4xx_ll_usb.o
                0x000000000800e520                USB_HostInit
 .text.calloc   0x000000000800e6a8       0x10 C:/ST/STM32CubeIDE_1.14.0/STM32CubeIDE/plugins/com.st.stm32cube.ide.mcu.externaltools.gnu-tools-for-stm32.11.3.rel1.win32_1.1.100.202309141235/tools/bin/../lib/gcc/arm-none-eabi/11.3.1/../../../../arm-none-eabi/lib/thumb/v7e-m+fp/hard\libc_nano.a(libc_a-calloc.o)
                0x000000000800e6a8                calloc
 .text._calloc_r
                0x000000000800e6b8       0x2c C:/ST/STM32CubeIDE_1.14.0/STM32CubeIDE/plugins/com.st.stm32cube.ide.mcu.externaltools.gnu-tools-for-stm32.11.3.rel1.win32_1.1.100.202309141235/tools/bin/../lib/gcc/arm-none-eabi/11.3.1/../../../../arm-none-eabi/lib/thumb/v7e-m+fp/hard\libc_nano.a(libc_a-callocr.o)
                0x000000000800e6b8                _calloc_r
 .text.free     0x000000000800e6e4       0x10 C:/ST/STM32CubeIDE_1.14.0/STM32CubeIDE/plugins/com.st.stm32cube.ide.mcu.externaltools.gnu-tools-for-stm32.11.3.rel1.win32_1.1.100.202309141235/tools/bin/../lib/gcc/arm-none-eabi/11.3.1/../../../../arm-none-eabi/lib/thumb/v7e-m+fp/hard\libc_nano.a(libc_a-malloc.o)
                0x000000000800e6e4                free
 .text.sbrk_aligned
                0x000000000800e6f4       0x40 C:/ST/STM32CubeIDE_1.14.0/STM32CubeIDE/plugins/com.st.stm32cube.ide.mcu.externaltools.gnu-tools-for-stm32.11.3.rel1.win32_1.1.100.202309141235/tools/bin/../lib/gcc/arm-none-eabi/11.3.1/../../../../arm-none-eabi/lib/thumb/v7e-m+fp/hard\libc_nano.a(libc_a-mallocr.o)
 .text._malloc_r
                0x000000000800e734      0x100 C:/ST/STM32CubeIDE_1.14.0/STM32CubeIDE/plugins/com.st.stm32cube.ide.mcu.externaltools.gnu-tools-for-stm32.11.3.rel1.win32_1.1.100.202309141235/tools/bin/../lib/gcc/arm-none-eabi/11.3.1/../../../../arm-none-eabi/lib/thumb/v7e-m+fp/hard\libc_nano.a(libc_a-mallocr.o)
                0x000000000800e734                _malloc_r
 .text.__malloc_lock
                0x000000000800e834        0xc C:/ST/STM32CubeIDE_1.14.0/STM32CubeIDE/plugins/com.st.stm32cube.ide.mcu.externaltools.gnu-tools-for-stm32.11.3.rel1.win32_1.1.100.202309141235/tools/bin/../lib/gcc/arm-none-eabi/11.3.1/../../../../arm-none-eabi/lib/thumb/v7e-m+fp/hard\libc_nano.a(libc_a-mlock.o)
                0x000000000800e834                __malloc_lock
 .text.__malloc_unlock
                0x000000000800e840        0xc C:/ST/STM32CubeIDE_1.14.0/STM32CubeIDE/plugins/com.st.stm32cube.ide.mcu.externaltools.gnu-tools-for-stm32.11.3.rel1.win32_1.1.100.202309141235/tools/bin/../lib/gcc/arm-none-eabi/11.3.1/../../../../arm-none-eabi/lib/thumb/v7e-m+fp/hard\libc_nano.a(libc_a-mlock.o)
                0x000000000800e840                __malloc_unlock
 .text.__sflush_r
                0x000000000800e84c      0x10c C:/ST/STM32CubeIDE_1.14.0/STM32CubeIDE/plugins/com.st.stm32cube.ide.mcu.externaltools.gnu-tools-for-stm32.11.3.rel1.win32_1.1.100.202309141235/tools/bin/../lib/gcc/arm-none-eabi/11.3.1/../../../../arm-none-eabi/lib/thumb/v7e-m+fp/hard\libc_nano.a(libc_a-fflush.o)
                0x000000000800e84c                __sflush_r
 .text._fflush_r
                0x000000000800e958       0x50 C:/ST/STM32CubeIDE_1.14.0/STM32CubeIDE/plugins/com.st.stm32cube.ide.mcu.externaltools.gnu-tools-for-stm32.11.3.rel1.win32_1.1.100.202309141235/tools/bin/../lib/gcc/arm-none-eabi/11.3.1/../../../../arm-none-eabi/lib/thumb/v7e-m+fp/hard\libc_nano.a(libc_a-fflush.o)
                0x000000000800e958                _fflush_r
 .text.fflush   0x000000000800e9a8       0x28 C:/ST/STM32CubeIDE_1.14.0/STM32CubeIDE/plugins/com.st.stm32cube.ide.mcu.externaltools.gnu-tools-for-stm32.11.3.rel1.win32_1.1.100.202309141235/tools/bin/../lib/gcc/arm-none-eabi/11.3.1/../../../../arm-none-eabi/lib/thumb/v7e-m+fp/hard\libc_nano.a(libc_a-fflush.o)
                0x000000000800e9a8                fflush
 .text.std      0x000000000800e9d0       0x6c C:/ST/STM32CubeIDE_1.14.0/STM32CubeIDE/plugins/com.st.stm32cube.ide.mcu.externaltools.gnu-tools-for-stm32.11.3.rel1.win32_1.1.100.202309141235/tools/bin/../lib/gcc/arm-none-eabi/11.3.1/../../../../arm-none-eabi/lib/thumb/v7e-m+fp/hard\libc_nano.a(libc_a-findfp.o)
 .text.stdio_exit_handler
                0x000000000800ea3c       0x18 C:/ST/STM32CubeIDE_1.14.0/STM32CubeIDE/plugins/com.st.stm32cube.ide.mcu.externaltools.gnu-tools-for-stm32.11.3.rel1.win32_1.1.100.202309141235/tools/bin/../lib/gcc/arm-none-eabi/11.3.1/../../../../arm-none-eabi/lib/thumb/v7e-m+fp/hard\libc_nano.a(libc_a-findfp.o)
 .text.cleanup_stdio
                0x000000000800ea54       0x40 C:/ST/STM32CubeIDE_1.14.0/STM32CubeIDE/plugins/com.st.stm32cube.ide.mcu.externaltools.gnu-tools-for-stm32.11.3.rel1.win32_1.1.100.202309141235/tools/bin/../lib/gcc/arm-none-eabi/11.3.1/../../../../arm-none-eabi/lib/thumb/v7e-m+fp/hard\libc_nano.a(libc_a-findfp.o)
 .text.global_stdio_init.part.0
                0x000000000800ea94       0x3c C:/ST/STM32CubeIDE_1.14.0/STM32CubeIDE/plugins/com.st.stm32cube.ide.mcu.externaltools.gnu-tools-for-stm32.11.3.rel1.win32_1.1.100.202309141235/tools/bin/../lib/gcc/arm-none-eabi/11.3.1/../../../../arm-none-eabi/lib/thumb/v7e-m+fp/hard\libc_nano.a(libc_a-findfp.o)
 .text.__sfp_lock_acquire
                0x000000000800ead0        0xc C:/ST/STM32CubeIDE_1.14.0/STM32CubeIDE/plugins/com.st.stm32cube.ide.mcu.externaltools.gnu-tools-for-stm32.11.3.rel1.win32_1.1.100.202309141235/tools/bin/../lib/gcc/arm-none-eabi/11.3.1/../../../../arm-none-eabi/lib/thumb/v7e-m+fp/hard\libc_nano.a(libc_a-findfp.o)
                0x000000000800ead0                __sfp_lock_acquire
 .text.__sfp_lock_release
                0x000000000800eadc        0xc C:/ST/STM32CubeIDE_1.14.0/STM32CubeIDE/plugins/com.st.stm32cube.ide.mcu.externaltools.gnu-tools-for-stm32.11.3.rel1.win32_1.1.100.202309141235/tools/bin/../lib/gcc/arm-none-eabi/11.3.1/../../../../arm-none-eabi/lib/thumb/v7e-m+fp/hard\libc_nano.a(libc_a-findfp.o)
                0x000000000800eadc                __sfp_lock_release
 .text.__sinit  0x000000000800eae8       0x30 C:/ST/STM32CubeIDE_1.14.0/STM32CubeIDE/plugins/com.st.stm32cube.ide.mcu.externaltools.gnu-tools-for-stm32.11.3.rel1.win32_1.1.100.202309141235/tools/bin/../lib/gcc/arm-none-eabi/11.3.1/../../../../arm-none-eabi/lib/thumb/v7e-m+fp/hard\libc_nano.a(libc_a-findfp.o)
                0x000000000800eae8                __sinit
 .text._fwalk_sglue
                0x000000000800eb18       0x3c C:/ST/STM32CubeIDE_1.14.0/STM32CubeIDE/plugins/com.st.stm32cube.ide.mcu.externaltools.gnu-tools-for-stm32.11.3.rel1.win32_1.1.100.202309141235/tools/bin/../lib/gcc/arm-none-eabi/11.3.1/../../../../arm-none-eabi/lib/thumb/v7e-m+fp/hard\libc_nano.a(libc_a-fwalk.o)
                0x000000000800eb18                _fwalk_sglue
 .text.printf   0x000000000800eb54       0x24 C:/ST/STM32CubeIDE_1.14.0/STM32CubeIDE/plugins/com.st.stm32cube.ide.mcu.externaltools.gnu-tools-for-stm32.11.3.rel1.win32_1.1.100.202309141235/tools/bin/../lib/gcc/arm-none-eabi/11.3.1/../../../../arm-none-eabi/lib/thumb/v7e-m+fp/hard\libc_nano.a(libc_a-printf.o)
                0x000000000800eb54                iprintf
                0x000000000800eb54                printf
 .text._puts_r  0x000000000800eb78       0xa8 C:/ST/STM32CubeIDE_1.14.0/STM32CubeIDE/plugins/com.st.stm32cube.ide.mcu.externaltools.gnu-tools-for-stm32.11.3.rel1.win32_1.1.100.202309141235/tools/bin/../lib/gcc/arm-none-eabi/11.3.1/../../../../arm-none-eabi/lib/thumb/v7e-m+fp/hard\libc_nano.a(libc_a-puts.o)
                0x000000000800eb78                _puts_r
 .text.puts     0x000000000800ec20       0x10 C:/ST/STM32CubeIDE_1.14.0/STM32CubeIDE/plugins/com.st.stm32cube.ide.mcu.externaltools.gnu-tools-for-stm32.11.3.rel1.win32_1.1.100.202309141235/tools/bin/../lib/gcc/arm-none-eabi/11.3.1/../../../../arm-none-eabi/lib/thumb/v7e-m+fp/hard\libc_nano.a(libc_a-puts.o)
                0x000000000800ec20                puts
 .text.__sread  0x000000000800ec30       0x22 C:/ST/STM32CubeIDE_1.14.0/STM32CubeIDE/plugins/com.st.stm32cube.ide.mcu.externaltools.gnu-tools-for-stm32.11.3.rel1.win32_1.1.100.202309141235/tools/bin/../lib/gcc/arm-none-eabi/11.3.1/../../../../arm-none-eabi/lib/thumb/v7e-m+fp/hard\libc_nano.a(libc_a-stdio.o)
                0x000000000800ec30                __sread
 .text.__swrite
                0x000000000800ec52       0x38 C:/ST/STM32CubeIDE_1.14.0/STM32CubeIDE/plugins/com.st.stm32cube.ide.mcu.externaltools.gnu-tools-for-stm32.11.3.rel1.win32_1.1.100.202309141235/tools/bin/../lib/gcc/arm-none-eabi/11.3.1/../../../../arm-none-eabi/lib/thumb/v7e-m+fp/hard\libc_nano.a(libc_a-stdio.o)
                0x000000000800ec52                __swrite
 .text.__sseek  0x000000000800ec8a       0x24 C:/ST/STM32CubeIDE_1.14.0/STM32CubeIDE/plugins/com.st.stm32cube.ide.mcu.externaltools.gnu-tools-for-stm32.11.3.rel1.win32_1.1.100.202309141235/tools/bin/../lib/gcc/arm-none-eabi/11.3.1/../../../../arm-none-eabi/lib/thumb/v7e-m+fp/hard\libc_nano.a(libc_a-stdio.o)
                0x000000000800ec8a                __sseek
 .text.__sclose
                0x000000000800ecae        0x8 C:/ST/STM32CubeIDE_1.14.0/STM32CubeIDE/plugins/com.st.stm32cube.ide.mcu.externaltools.gnu-tools-for-stm32.11.3.rel1.win32_1.1.100.202309141235/tools/bin/../lib/gcc/arm-none-eabi/11.3.1/../../../../arm-none-eabi/lib/thumb/v7e-m+fp/hard\libc_nano.a(libc_a-stdio.o)
                0x000000000800ecae                __sclose
 .text.__swbuf_r
                0x000000000800ecb6       0x7a C:/ST/STM32CubeIDE_1.14.0/STM32CubeIDE/plugins/com.st.stm32cube.ide.mcu.externaltools.gnu-tools-for-stm32.11.3.rel1.win32_1.1.100.202309141235/tools/bin/../lib/gcc/arm-none-eabi/11.3.1/../../../../arm-none-eabi/lib/thumb/v7e-m+fp/hard\libc_nano.a(libc_a-wbuf.o)
                0x000000000800ecb6                __swbuf_r
 .text.__swsetup_r
                0x000000000800ed30       0xb0 C:/ST/STM32CubeIDE_1.14.0/STM32CubeIDE/plugins/com.st.stm32cube.ide.mcu.externaltools.gnu-tools-for-stm32.11.3.rel1.win32_1.1.100.202309141235/tools/bin/../lib/gcc/arm-none-eabi/11.3.1/../../../../arm-none-eabi/lib/thumb/v7e-m+fp/hard\libc_nano.a(libc_a-wsetup.o)
                0x000000000800ed30                __swsetup_r
 .text.memmove  0x000000000800ede0       0x34 C:/ST/STM32CubeIDE_1.14.0/STM32CubeIDE/plugins/com.st.stm32cube.ide.mcu.externaltools.gnu-tools-for-stm32.11.3.rel1.win32_1.1.100.202309141235/tools/bin/../lib/gcc/arm-none-eabi/11.3.1/../../../../arm-none-eabi/lib/thumb/v7e-m+fp/hard\libc_nano.a(libc_a-memmove.o)
                0x000000000800ede0                memmove
 .text.memset   0x000000000800ee14       0x10 C:/ST/STM32CubeIDE_1.14.0/STM32CubeIDE/plugins/com.st.stm32cube.ide.mcu.externaltools.gnu-tools-for-stm32.11.3.rel1.win32_1.1.100.202309141235/tools/bin/../lib/gcc/arm-none-eabi/11.3.1/../../../../arm-none-eabi/lib/thumb/v7e-m+fp/hard\libc_nano.a(libc_a-memset.o)
                0x000000000800ee14                memset
 .text._close_r
                0x000000000800ee24       0x20 C:/ST/STM32CubeIDE_1.14.0/STM32CubeIDE/plugins/com.st.stm32cube.ide.mcu.externaltools.gnu-tools-for-stm32.11.3.rel1.win32_1.1.100.202309141235/tools/bin/../lib/gcc/arm-none-eabi/11.3.1/../../../../arm-none-eabi/lib/thumb/v7e-m+fp/hard\libc_nano.a(libc_a-closer.o)
                0x000000000800ee24                _close_r
 .text._lseek_r
                0x000000000800ee44       0x24 C:/ST/STM32CubeIDE_1.14.0/STM32CubeIDE/plugins/com.st.stm32cube.ide.mcu.externaltools.gnu-tools-for-stm32.11.3.rel1.win32_1.1.100.202309141235/tools/bin/../lib/gcc/arm-none-eabi/11.3.1/../../../../arm-none-eabi/lib/thumb/v7e-m+fp/hard\libc_nano.a(libc_a-lseekr.o)
                0x000000000800ee44                _lseek_r
 .text._read_r  0x000000000800ee68       0x24 C:/ST/STM32CubeIDE_1.14.0/STM32CubeIDE/plugins/com.st.stm32cube.ide.mcu.externaltools.gnu-tools-for-stm32.11.3.rel1.win32_1.1.100.202309141235/tools/bin/../lib/gcc/arm-none-eabi/11.3.1/../../../../arm-none-eabi/lib/thumb/v7e-m+fp/hard\libc_nano.a(libc_a-readr.o)
                0x000000000800ee68                _read_r
 .text._sbrk_r  0x000000000800ee8c       0x20 C:/ST/STM32CubeIDE_1.14.0/STM32CubeIDE/plugins/com.st.stm32cube.ide.mcu.externaltools.gnu-tools-for-stm32.11.3.rel1.win32_1.1.100.202309141235/tools/bin/../lib/gcc/arm-none-eabi/11.3.1/../../../../arm-none-eabi/lib/thumb/v7e-m+fp/hard\libc_nano.a(libc_a-sbrkr.o)
                0x000000000800ee8c                _sbrk_r
 .text._write_r
                0x000000000800eeac       0x24 C:/ST/STM32CubeIDE_1.14.0/STM32CubeIDE/plugins/com.st.stm32cube.ide.mcu.externaltools.gnu-tools-for-stm32.11.3.rel1.win32_1.1.100.202309141235/tools/bin/../lib/gcc/arm-none-eabi/11.3.1/../../../../arm-none-eabi/lib/thumb/v7e-m+fp/hard\libc_nano.a(libc_a-writer.o)
                0x000000000800eeac                _write_r
 .text.__errno  0x000000000800eed0        0xc C:/ST/STM32CubeIDE_1.14.0/STM32CubeIDE/plugins/com.st.stm32cube.ide.mcu.externaltools.gnu-tools-for-stm32.11.3.rel1.win32_1.1.100.202309141235/tools/bin/../lib/gcc/arm-none-eabi/11.3.1/../../../../arm-none-eabi/lib/thumb/v7e-m+fp/hard\libc_nano.a(libc_a-errno.o)
                0x000000000800eed0                __errno
 .text.__libc_init_array
                0x000000000800eedc       0x48 C:/ST/STM32CubeIDE_1.14.0/STM32CubeIDE/plugins/com.st.stm32cube.ide.mcu.externaltools.gnu-tools-for-stm32.11.3.rel1.win32_1.1.100.202309141235/tools/bin/../lib/gcc/arm-none-eabi/11.3.1/../../../../arm-none-eabi/lib/thumb/v7e-m+fp/hard\libc_nano.a(libc_a-init.o)
                0x000000000800eedc                __libc_init_array
 .text.__retarget_lock_init_recursive
                0x000000000800ef24        0x2 C:/ST/STM32CubeIDE_1.14.0/STM32CubeIDE/plugins/com.st.stm32cube.ide.mcu.externaltools.gnu-tools-for-stm32.11.3.rel1.win32_1.1.100.202309141235/tools/bin/../lib/gcc/arm-none-eabi/11.3.1/../../../../arm-none-eabi/lib/thumb/v7e-m+fp/hard\libc_nano.a(libc_a-lock.o)
                0x000000000800ef24                __retarget_lock_init_recursive
 .text.__retarget_lock_acquire_recursive
                0x000000000800ef26        0x2 C:/ST/STM32CubeIDE_1.14.0/STM32CubeIDE/plugins/com.st.stm32cube.ide.mcu.externaltools.gnu-tools-for-stm32.11.3.rel1.win32_1.1.100.202309141235/tools/bin/../lib/gcc/arm-none-eabi/11.3.1/../../../../arm-none-eabi/lib/thumb/v7e-m+fp/hard\libc_nano.a(libc_a-lock.o)
                0x000000000800ef26                __retarget_lock_acquire_recursive
 .text.__retarget_lock_release_recursive
                0x000000000800ef28        0x2 C:/ST/STM32CubeIDE_1.14.0/STM32CubeIDE/plugins/com.st.stm32cube.ide.mcu.externaltools.gnu-tools-for-stm32.11.3.rel1.win32_1.1.100.202309141235/tools/bin/../lib/gcc/arm-none-eabi/11.3.1/../../../../arm-none-eabi/lib/thumb/v7e-m+fp/hard\libc_nano.a(libc_a-lock.o)
                0x000000000800ef28                __retarget_lock_release_recursive
 .text.memcpy   0x000000000800ef2a       0x1c C:/ST/STM32CubeIDE_1.14.0/STM32CubeIDE/plugins/com.st.stm32cube.ide.mcu.externaltools.gnu-tools-for-stm32.11.3.rel1.win32_1.1.100.202309141235/tools/bin/../lib/gcc/arm-none-eabi/11.3.1/../../../../arm-none-eabi/lib/thumb/v7e-m+fp/hard\libc_nano.a(libc_a-memcpy-stub.o)
                0x000000000800ef2a                memcpy
 *fill*         0x000000000800ef46        0x2 
 .text._free_r  0x000000000800ef48       0x98 C:/ST/STM32CubeIDE_1.14.0/STM32CubeIDE/plugins/com.st.stm32cube.ide.mcu.externaltools.gnu-tools-for-stm32.11.3.rel1.win32_1.1.100.202309141235/tools/bin/../lib/gcc/arm-none-eabi/11.3.1/../../../../arm-none-eabi/lib/thumb/v7e-m+fp/hard\libc_nano.a(libc_a-freer.o)
                0x000000000800ef48                _free_r
 .text.__sfputc_r
                0x000000000800efe0       0x2e C:/ST/STM32CubeIDE_1.14.0/STM32CubeIDE/plugins/com.st.stm32cube.ide.mcu.externaltools.gnu-tools-for-stm32.11.3.rel1.win32_1.1.100.202309141235/tools/bin/../lib/gcc/arm-none-eabi/11.3.1/../../../../arm-none-eabi/lib/thumb/v7e-m+fp/hard\libc_nano.a(libc_a-nano-vfprintf.o)
 .text.__sfputs_r
                0x000000000800f00e       0x24 C:/ST/STM32CubeIDE_1.14.0/STM32CubeIDE/plugins/com.st.stm32cube.ide.mcu.externaltools.gnu-tools-for-stm32.11.3.rel1.win32_1.1.100.202309141235/tools/bin/../lib/gcc/arm-none-eabi/11.3.1/../../../../arm-none-eabi/lib/thumb/v7e-m+fp/hard\libc_nano.a(libc_a-nano-vfprintf.o)
                0x000000000800f00e                __sfputs_r
 *fill*         0x000000000800f032        0x2 
 .text._vfprintf_r
                0x000000000800f034      0x234 C:/ST/STM32CubeIDE_1.14.0/STM32CubeIDE/plugins/com.st.stm32cube.ide.mcu.externaltools.gnu-tools-for-stm32.11.3.rel1.win32_1.1.100.202309141235/tools/bin/../lib/gcc/arm-none-eabi/11.3.1/../../../../arm-none-eabi/lib/thumb/v7e-m+fp/hard\libc_nano.a(libc_a-nano-vfprintf.o)
                0x000000000800f034                _vfprintf_r
                0x000000000800f034                _vfiprintf_r
 .text._printf_common
                0x000000000800f268       0xda C:/ST/STM32CubeIDE_1.14.0/STM32CubeIDE/plugins/com.st.stm32cube.ide.mcu.externaltools.gnu-tools-for-stm32.11.3.rel1.win32_1.1.100.202309141235/tools/bin/../lib/gcc/arm-none-eabi/11.3.1/../../../../arm-none-eabi/lib/thumb/v7e-m+fp/hard\libc_nano.a(libc_a-nano-vfprintf_i.o)
                0x000000000800f268                _printf_common
 *fill*         0x000000000800f342        0x2 
 .text._printf_i
                0x000000000800f344      0x244 C:/ST/STM32CubeIDE_1.14.0/STM32CubeIDE/plugins/com.st.stm32cube.ide.mcu.externaltools.gnu-tools-for-stm32.11.3.rel1.win32_1.1.100.202309141235/tools/bin/../lib/gcc/arm-none-eabi/11.3.1/../../../../arm-none-eabi/lib/thumb/v7e-m+fp/hard\libc_nano.a(libc_a-nano-vfprintf_i.o)
                0x000000000800f344                _printf_i
 .text.__swhatbuf_r
                0x000000000800f588       0x4c C:/ST/STM32CubeIDE_1.14.0/STM32CubeIDE/plugins/com.st.stm32cube.ide.mcu.externaltools.gnu-tools-for-stm32.11.3.rel1.win32_1.1.100.202309141235/tools/bin/../lib/gcc/arm-none-eabi/11.3.1/../../../../arm-none-eabi/lib/thumb/v7e-m+fp/hard\libc_nano.a(libc_a-makebuf.o)
                0x000000000800f588                __swhatbuf_r
 .text.__smakebuf_r
                0x000000000800f5d4       0x78 C:/ST/STM32CubeIDE_1.14.0/STM32CubeIDE/plugins/com.st.stm32cube.ide.mcu.externaltools.gnu-tools-for-stm32.11.3.rel1.win32_1.1.100.202309141235/tools/bin/../lib/gcc/arm-none-eabi/11.3.1/../../../../arm-none-eabi/lib/thumb/v7e-m+fp/hard\libc_nano.a(libc_a-makebuf.o)
                0x000000000800f5d4                __smakebuf_r
 .text._fstat_r
                0x000000000800f64c       0x24 C:/ST/STM32CubeIDE_1.14.0/STM32CubeIDE/plugins/com.st.stm32cube.ide.mcu.externaltools.gnu-tools-for-stm32.11.3.rel1.win32_1.1.100.202309141235/tools/bin/../lib/gcc/arm-none-eabi/11.3.1/../../../../arm-none-eabi/lib/thumb/v7e-m+fp/hard\libc_nano.a(libc_a-fstatr.o)
                0x000000000800f64c                _fstat_r
 .text._isatty_r
                0x000000000800f670       0x20 C:/ST/STM32CubeIDE_1.14.0/STM32CubeIDE/plugins/com.st.stm32cube.ide.mcu.externaltools.gnu-tools-for-stm32.11.3.rel1.win32_1.1.100.202309141235/tools/bin/../lib/gcc/arm-none-eabi/11.3.1/../../../../arm-none-eabi/lib/thumb/v7e-m+fp/hard\libc_nano.a(libc_a-isattyr.o)
                0x000000000800f670                _isatty_r
 *(.glue_7)
 .glue_7        0x000000000800f690        0x0 linker stubs
 *(.glue_7t)
 .glue_7t       0x000000000800f690        0x0 linker stubs
 *(.eh_frame)
 .eh_frame      0x000000000800f690        0x0 C:/ST/STM32CubeIDE_1.14.0/STM32CubeIDE/plugins/com.st.stm32cube.ide.mcu.externaltools.gnu-tools-for-stm32.11.3.rel1.win32_1.1.100.202309141235/tools/bin/../lib/gcc/arm-none-eabi/11.3.1/thumb/v7e-m+fp/hard/crtbegin.o
 *(.init)
 .init          0x000000000800f690        0x4 C:/ST/STM32CubeIDE_1.14.0/STM32CubeIDE/plugins/com.st.stm32cube.ide.mcu.externaltools.gnu-tools-for-stm32.11.3.rel1.win32_1.1.100.202309141235/tools/bin/../lib/gcc/arm-none-eabi/11.3.1/thumb/v7e-m+fp/hard/crti.o
                0x000000000800f690                _init
 .init          0x000000000800f694        0x8 C:/ST/STM32CubeIDE_1.14.0/STM32CubeIDE/plugins/com.st.stm32cube.ide.mcu.externaltools.gnu-tools-for-stm32.11.3.rel1.win32_1.1.100.202309141235/tools/bin/../lib/gcc/arm-none-eabi/11.3.1/thumb/v7e-m+fp/hard/crtn.o
 *(.fini)
 .fini          0x000000000800f69c        0x4 C:/ST/STM32CubeIDE_1.14.0/STM32CubeIDE/plugins/com.st.stm32cube.ide.mcu.externaltools.gnu-tools-for-stm32.11.3.rel1.win32_1.1.100.202309141235/tools/bin/../lib/gcc/arm-none-eabi/11.3.1/thumb/v7e-m+fp/hard/crti.o
                0x000000000800f69c                _fini
 .fini          0x000000000800f6a0        0x8 C:/ST/STM32CubeIDE_1.14.0/STM32CubeIDE/plugins/com.st.stm32cube.ide.mcu.externaltools.gnu-tools-for-stm32.11.3.rel1.win32_1.1.100.202309141235/tools/bin/../lib/gcc/arm-none-eabi/11.3.1/thumb/v7e-m+fp/hard/crtn.o
                0x000000000800f6a8                . = ALIGN (0x4)
                0x000000000800f6a8                _etext = .

.vfp11_veneer   0x000000000800f6a8        0x0
 .vfp11_veneer  0x000000000800f6a8        0x0 linker stubs

.v4_bx          0x000000000800f6a8        0x0
 .v4_bx         0x000000000800f6a8        0x0 linker stubs

.iplt           0x000000000800f6a8        0x0
 .iplt          0x000000000800f6a8        0x0 C:/ST/STM32CubeIDE_1.14.0/STM32CubeIDE/plugins/com.st.stm32cube.ide.mcu.externaltools.gnu-tools-for-stm32.11.3.rel1.win32_1.1.100.202309141235/tools/bin/../lib/gcc/arm-none-eabi/11.3.1/thumb/v7e-m+fp/hard/crtbegin.o

.rodata         0x000000000800f6a8      0x5a0
                0x000000000800f6a8                . = ALIGN (0x4)
 *(.rodata)
 .rodata        0x000000000800f6a8      0x1c5 ./CANopenNode_STM32/CO_app_STM32.o
 *(.rodata*)
 *fill*         0x000000000800f86d        0x3 
 .rodata.abortCodes.0
                0x000000000800f870       0x68 ./CANopenNode/301/CO_ODinterface.o
 .rodata.CO_LSS_bitTimingTableLookup
                0x000000000800f8d8       0x14 ./CANopenNode/305/CO_LSSslave.o
 .rodata.ODObjs
                0x000000000800f8ec      0x308 ./CANopenNode_STM32/OD.o
 .rodata.AHBPrescTable
                0x000000000800fbf4       0x10 ./Core/Src/system_stm32f4xx.o
                0x000000000800fbf4                AHBPrescTable
 .rodata.APBPrescTable
                0x000000000800fc04        0x8 ./Core/Src/system_stm32f4xx.o
                0x000000000800fc04                APBPrescTable
 .rodata.flagBitshiftOffset.0
                0x000000000800fc0c        0x8 ./Drivers/STM32F4xx_HAL_Driver/Src/stm32f4xx_hal_dma.o
 .rodata._vfprintf_r.str1.1
                0x000000000800fc14       0x11 C:/ST/STM32CubeIDE_1.14.0/STM32CubeIDE/plugins/com.st.stm32cube.ide.mcu.externaltools.gnu-tools-for-stm32.11.3.rel1.win32_1.1.100.202309141235/tools/bin/../lib/gcc/arm-none-eabi/11.3.1/../../../../arm-none-eabi/lib/thumb/v7e-m+fp/hard\libc_nano.a(libc_a-nano-vfprintf.o)
 .rodata._printf_i.str1.1
                0x000000000800fc25       0x22 C:/ST/STM32CubeIDE_1.14.0/STM32CubeIDE/plugins/com.st.stm32cube.ide.mcu.externaltools.gnu-tools-for-stm32.11.3.rel1.win32_1.1.100.202309141235/tools/bin/../lib/gcc/arm-none-eabi/11.3.1/../../../../arm-none-eabi/lib/thumb/v7e-m+fp/hard\libc_nano.a(libc_a-nano-vfprintf_i.o)
                0x000000000800fc48                . = ALIGN (0x4)
 *fill*         0x000000000800fc47        0x1 

.ARM.extab      0x000000000800fc48        0x0
                0x000000000800fc48                . = ALIGN (0x4)
 *(.ARM.extab* .gnu.linkonce.armextab.*)
                0x000000000800fc48                . = ALIGN (0x4)

.ARM            0x000000000800fc48        0x8
                0x000000000800fc48                . = ALIGN (0x4)
                0x000000000800fc48                __exidx_start = .
 *(.ARM.exidx*)
 .ARM.exidx     0x000000000800fc48        0x8 C:/ST/STM32CubeIDE_1.14.0/STM32CubeIDE/plugins/com.st.stm32cube.ide.mcu.externaltools.gnu-tools-for-stm32.11.3.rel1.win32_1.1.100.202309141235/tools/bin/../lib/gcc/arm-none-eabi/11.3.1/thumb/v7e-m+fp/hard\libgcc.a(_udivmoddi4.o)
                0x000000000800fc50                __exidx_end = .
                0x000000000800fc50                . = ALIGN (0x4)

.rel.dyn        0x000000000800fc50        0x0
 .rel.iplt      0x000000000800fc50        0x0 C:/ST/STM32CubeIDE_1.14.0/STM32CubeIDE/plugins/com.st.stm32cube.ide.mcu.externaltools.gnu-tools-for-stm32.11.3.rel1.win32_1.1.100.202309141235/tools/bin/../lib/gcc/arm-none-eabi/11.3.1/thumb/v7e-m+fp/hard/crtbegin.o

.preinit_array  0x000000000800fc50        0x0
                0x000000000800fc50                . = ALIGN (0x4)
                0x000000000800fc50                PROVIDE (__preinit_array_start = .)
 *(.preinit_array*)
                0x000000000800fc50                PROVIDE (__preinit_array_end = .)
                0x000000000800fc50                . = ALIGN (0x4)

.init_array     0x000000000800fc50        0x4
                0x000000000800fc50                . = ALIGN (0x4)
                0x000000000800fc50                PROVIDE (__init_array_start = .)
 *(SORT_BY_NAME(.init_array.*))
 *(.init_array*)
 .init_array    0x000000000800fc50        0x4 C:/ST/STM32CubeIDE_1.14.0/STM32CubeIDE/plugins/com.st.stm32cube.ide.mcu.externaltools.gnu-tools-for-stm32.11.3.rel1.win32_1.1.100.202309141235/tools/bin/../lib/gcc/arm-none-eabi/11.3.1/thumb/v7e-m+fp/hard/crtbegin.o
                0x000000000800fc54                PROVIDE (__init_array_end = .)
                0x000000000800fc54                . = ALIGN (0x4)

.fini_array     0x000000000800fc54        0x4
                0x000000000800fc54                . = ALIGN (0x4)
                [!provide]                        PROVIDE (__fini_array_start = .)
 *(SORT_BY_NAME(.fini_array.*))
 *(.fini_array*)
 .fini_array    0x000000000800fc54        0x4 C:/ST/STM32CubeIDE_1.14.0/STM32CubeIDE/plugins/com.st.stm32cube.ide.mcu.externaltools.gnu-tools-for-stm32.11.3.rel1.win32_1.1.100.202309141235/tools/bin/../lib/gcc/arm-none-eabi/11.3.1/thumb/v7e-m+fp/hard/crtbegin.o
                [!provide]                        PROVIDE (__fini_array_end = .)
                0x000000000800fc58                . = ALIGN (0x4)
                0x000000000800fc58                _sidata = LOADADDR (.data)

.data           0x0000000020000000      0x36c load address 0x000000000800fc58
                0x0000000020000000                . = ALIGN (0x4)
                0x0000000020000000                _sdata = .
 *(.data)
 *(.data*)
 .data.OD_PERSIST_COMM
                0x0000000020000000       0x9c ./CANopenNode_STM32/OD.o
                0x0000000020000000                OD_PERSIST_COMM
 .data.OD_RAM   0x000000002000009c       0x58 ./CANopenNode_STM32/OD.o
                0x000000002000009c                OD_RAM
 .data.ODList   0x00000000200000f4      0x1ec ./CANopenNode_STM32/OD.o
 .data._OD      0x00000000200002e0        0x8 ./CANopenNode_STM32/OD.o
 .data.OD       0x00000000200002e8        0x4 ./CANopenNode_STM32/OD.o
                0x00000000200002e8                OD
 *fill*         0x00000000200002ec        0x4 
 .data.TempSetpoint
                0x00000000200002f0        0x8 ./Core/Src/main.o
                0x00000000200002f0                TempSetpoint
 .data.Q.4      0x00000000200002f8        0x4 ./Core/Src/main.o
 .data.P_k_k1.3
                0x00000000200002fc        0x4 ./Core/Src/main.o
 .data.R.2      0x0000000020000300        0x4 ./Core/Src/main.o
 .data.SystemCoreClock
                0x0000000020000304        0x4 ./Core/Src/system_stm32f4xx.o
                0x0000000020000304                SystemCoreClock
 .data.uwTickPrio
                0x0000000020000308        0x4 ./Drivers/STM32F4xx_HAL_Driver/Src/stm32f4xx_hal.o
                0x0000000020000308                uwTickPrio
 .data.uwTickFreq
                0x000000002000030c        0x1 ./Drivers/STM32F4xx_HAL_Driver/Src/stm32f4xx_hal.o
                0x000000002000030c                uwTickFreq
 *fill*         0x000000002000030d        0x3 
 .data.__sglue  0x0000000020000310        0xc C:/ST/STM32CubeIDE_1.14.0/STM32CubeIDE/plugins/com.st.stm32cube.ide.mcu.externaltools.gnu-tools-for-stm32.11.3.rel1.win32_1.1.100.202309141235/tools/bin/../lib/gcc/arm-none-eabi/11.3.1/../../../../arm-none-eabi/lib/thumb/v7e-m+fp/hard\libc_nano.a(libc_a-findfp.o)
                0x0000000020000310                __sglue
 .data._impure_data