../CANopenNode/301/CO_ODinterface.h:537:1:OD_get_u8	32	static
../CANopenNode/301/CO_ODinterface.h:612:1:OD_set_u8	32	static
../CANopenNode/301/CO_ODinterface.h:618:1:OD_set_u16	32	static
../Core/Src/main.c:91:5:main	40	static
../Core/Src/main.c:198:6:SystemClock_Config	88	static
../Core/Src/main.c:246:6:HAL_TIM_PeriodElapsedCallback	32	static
../Core/Src/main.c:313:6:HAL_GPIO_EXTI_Callback	16	static
../Core/Src/main.c:350:6:control_valve	32	static
../Core/Src/main.c:365:7:get_temperature	24	static
../Core/Src/main.c:375:6:show_err_LED	8	static
../Core/Src/main.c:380:10:kalman_filter	32	static
../Core/Src/main.c:422:6:Error_Handler	4	static,ignoring_inline_asm
